Component: ARM Compiler 5.06 update 5 (build 528) Tool: armlink [4d35e2]

==============================================================================

Section Cross References

    main.o(i.center_of_mass_shift) refers to memseta.o(.text) for __aeabi_memclr4
    main.o(i.center_of_mass_shift) refers to memcpya.o(.text) for __aeabi_memcpy4
    main.o(i.center_of_mass_shift) refers to main.o(.bss) for temp_grid
    main.o(i.display_init) refers to tftlcd.o(i.LCD_ShowString) for LCD_ShowString
    main.o(i.display_init) refers to tftlcd.o(i.LCD_Fill) for LCD_Fill
    main.o(i.display_init) refers to tftlcd.o(.data) for FRONT_COLOR
    main.o(i.kai_display) refers to tftlcd.o(i.LCD_ShowString) for LCD_ShowString
    main.o(i.kai_display) refers to tftlcd.o(.data) for FRONT_COLOR
    main.o(i.main) refers to stm32f4xx_hal.o(i.HAL_Init) for HAL_Init
    main.o(i.main) refers to system.o(i.SystemClock_Init) for SystemClock_Init
    main.o(i.main) refers to systick.o(i.SysTick_Init) for SysTick_Init
    main.o(i.main) refers to usart.o(i.USART1_Init) for USART1_Init
    main.o(i.main) refers to led.o(i.LED_Init) for LED_Init
    main.o(i.main) refers to tftlcd.o(i.TFTLCD_Init) for TFTLCD_Init
    main.o(i.main) refers to key.o(i.KEY_Init) for KEY_Init
    main.o(i.main) refers to touch.o(i.TP_Init) for TP_Init
    main.o(i.main) refers to main.o(i.kai_display) for kai_display
    main.o(i.main) refers to systick.o(i.delay_ms) for delay_ms
    main.o(i.main) refers to tftlcd.o(i.LCD_Clear) for LCD_Clear
    main.o(i.main) refers to main.o(i.display_init) for display_init
    main.o(i.main) refers to key.o(i.KEY_Scan) for KEY_Scan
    main.o(i.main) refers to touch.o(i.TP_Adjust) for TP_Adjust
    main.o(i.main) refers to touch.o(i.TP_Scan) for TP_Scan
    main.o(i.main) refers to tftlcd.o(i.LCD_Fill) for LCD_Fill
    main.o(i.main) refers to main.o(i.preprocess_trajectory) for preprocess_trajectory
    main.o(i.main) refers to stm32f4xx_hal.o(i.HAL_GetTick) for HAL_GetTick
    main.o(i.main) refers to main.o(i.simple_cnn_predict) for simple_cnn_predict
    main.o(i.main) refers to printf5.o(i.__0printf$5) for __2printf
    main.o(i.main) refers to tftlcd.o(i.LCD_ShowString) for LCD_ShowString
    main.o(i.main) refers to printf5.o(i.__0sprintf$5) for __2sprintf
    main.o(i.main) refers to touch.o(.data) for tp_dev
    main.o(i.main) refers to tftlcd.o(.data) for tftlcd_data
    main.o(i.main) refers to main.o(.bss) for ncr_input_buf
    main.o(i.main) refers to main.o(.constdata) for EMNIST_MAP
    main.o(i.preprocess_trajectory) refers to memseta.o(.text) for __aeabi_memclr4
    main.o(i.preprocess_trajectory) refers to main.o(i.draw_hr_brush) for draw_hr_brush
    main.o(i.preprocess_trajectory) refers to main.o(i.center_of_mass_shift) for center_of_mass_shift
    main.o(i.preprocess_trajectory) refers to main.o(.bss) for hr_grid
    main.o(i.simple_cnn_predict) refers to main.o(.constdata) for conv1_b
    main.o(i.simple_cnn_predict) refers to main.o(.bss) for conv1_out
    stm32f4xx_it.o(i.SysTick_Handler) refers to stm32f4xx_hal.o(i.HAL_IncTick) for HAL_IncTick
    system_stm32f4xx.o(i.SystemCoreClockUpdate) refers to system_stm32f4xx.o(.data) for SystemCoreClock
    system_stm32f4xx.o(i.SystemCoreClockUpdate) refers to system_stm32f4xx.o(.constdata) for AHBPrescTable
    startup_stm32f407xx.o(RESET) refers to startup_stm32f407xx.o(STACK) for __initial_sp
    startup_stm32f407xx.o(RESET) refers to startup_stm32f407xx.o(.text) for Reset_Handler
    startup_stm32f407xx.o(RESET) refers to stm32f4xx_it.o(i.NMI_Handler) for NMI_Handler
    startup_stm32f407xx.o(RESET) refers to stm32f4xx_it.o(i.HardFault_Handler) for HardFault_Handler
    startup_stm32f407xx.o(RESET) refers to stm32f4xx_it.o(i.MemManage_Handler) for MemManage_Handler
    startup_stm32f407xx.o(RESET) refers to stm32f4xx_it.o(i.BusFault_Handler) for BusFault_Handler
    startup_stm32f407xx.o(RESET) refers to stm32f4xx_it.o(i.UsageFault_Handler) for UsageFault_Handler
    startup_stm32f407xx.o(RESET) refers to stm32f4xx_it.o(i.SVC_Handler) for SVC_Handler
    startup_stm32f407xx.o(RESET) refers to stm32f4xx_it.o(i.DebugMon_Handler) for DebugMon_Handler
    startup_stm32f407xx.o(RESET) refers to stm32f4xx_it.o(i.PendSV_Handler) for PendSV_Handler
    startup_stm32f407xx.o(RESET) refers to stm32f4xx_it.o(i.SysTick_Handler) for SysTick_Handler
    startup_stm32f407xx.o(RESET) refers to usart.o(i.USART1_IRQHandler) for USART1_IRQHandler
    startup_stm32f407xx.o(.text) refers to system_stm32f4xx.o(i.SystemInit) for SystemInit
    startup_stm32f407xx.o(.text) refers to entry.o(.ARM.Collect$$$$00000000) for __main
    stm32f4xx_hal.o(i.HAL_DeInit) refers to stm32f4xx_hal.o(i.HAL_MspDeInit) for HAL_MspDeInit
    stm32f4xx_hal.o(i.HAL_Delay) refers to stm32f4xx_hal.o(i.HAL_GetTick) for HAL_GetTick
    stm32f4xx_hal.o(i.HAL_Delay) refers to stm32f4xx_hal.o(.data) for uwTickFreq
    stm32f4xx_hal.o(i.HAL_GetTick) refers to stm32f4xx_hal.o(.data) for uwTick
[...]
    Removing ctiic.o(.revsh_text), (4 bytes).
    Removing ctiic.o(.rrx_text), (6 bytes).
    Removing ctiic.o(i.CT_Delay), (10 bytes).
    Removing ctiic.o(i.CT_IIC_Ack), (60 bytes).
    Removing ctiic.o(i.CT_IIC_Init), (136 bytes).
    Removing ctiic.o(i.CT_IIC_NAck), (60 bytes).
    Removing ctiic.o(i.CT_IIC_Read_Byte), (88 bytes).
    Removing ctiic.o(i.CT_IIC_Send_Byte), (76 bytes).
    Removing ctiic.o(i.CT_IIC_Start), (52 bytes).
    Removing ctiic.o(i.CT_IIC_Stop), (52 bytes).
    Removing ctiic.o(i.CT_IIC_Wait_Ack), (76 bytes).
    Removing ctiic.o(i.CT_SDA_IN), (36 bytes).
    Removing ctiic.o(i.CT_SDA_OUT), (36 bytes).
    Removing gt5663.o(.rev16_text), (4 bytes).
    Removing gt5663.o(.revsh_text), (4 bytes).
    Removing gt5663.o(.rrx_text), (6 bytes).
    Removing gt5663.o(i.GT5663_Init), (308 bytes).
    Removing gt5663.o(i.GT5663_RD_Reg), (98 bytes).
    Removing gt5663.o(i.GT5663_Scan), (496 bytes).
    Removing gt5663.o(i.GT5663_Send_Cfg), (92 bytes).
    Removing gt5663.o(i.GT5663_WR_Reg), (92 bytes).
    Removing gt5663.o(.constdata), (194 bytes).
    Removing gt5663.o(.data), (1 bytes).
    Removing touch.o(.rev16_text), (4 bytes).
    Removing touch.o(.revsh_text), (4 bytes).
    Removing touch.o(.rrx_text), (6 bytes).
    Removing touch.o(i.TP_Draw_Big_Point), (60 bytes).
    Removing cst716.o(.rev16_text), (4 bytes).
    Removing cst716.o(.revsh_text), (4 bytes).
    Removing cst716.o(.rrx_text), (6 bytes).
    Removing cst716.o(i.CST716_Init), (296 bytes).
    Removing cst716.o(i.CST716_RD_Reg), (88 bytes).
    Removing cst716.o(i.CST716_Scan), (512 bytes).
    Removing cst716.o(i.CST716_WR_Reg), (82 bytes).
    Removing cst716.o(.constdata), (10 bytes).
    Removing cst716.o(.data), (7 bytes).
    Removing system.o(.rev16_text), (4 bytes).
    Removing system.o(.revsh_text), (4 bytes).
    Removing system.o(.rrx_text), (6 bytes).
    Removing systick.o(.rev16_text), (4 bytes).
    Removing systick.o(.revsh_text), (4 bytes).
    Removing systick.o(.rrx_text), (6 bytes).
    Removing usart.o(.rev16_text), (4 bytes).
    Removing usart.o(.revsh_text), (4 bytes).
    Removing usart.o(.rrx_text), (6 bytes).
    Removing dadd.o(.text), (334 bytes).
    Removing ddiv.o(.text), (222 bytes).
    Removing dfixul.o(.text), (48 bytes).

818 unused section(s) (total 67932 bytes) removed from the image.

==============================================================================

Image Symbol Table

    Local Symbols

    Symbol Name                              Value     Ov Type        Size  Object(Section)

    ../clib/microlib/division.c              0x00000000   Number         0  uidiv.o ABSOLUTE
    ../clib/microlib/division.c              0x00000000   Number         0  uldiv.o ABSOLUTE
    ../clib/microlib/errno.c                 0x00000000   Number         0  errno.o ABSOLUTE
    ../clib/microlib/init/entry.s            0x00000000   Number         0  entry8a.o ABSOLUTE
    ../clib/microlib/init/entry.s            0x00000000   Number         0  entry7b.o ABSOLUTE
    ../clib/microlib/init/entry.s            0x00000000   Number         0  entry10b.o ABSOLUTE
    ../clib/microlib/init/entry.s            0x00000000   Number         0  entry8b.o ABSOLUTE
    ../clib/microlib/init/entry.s            0x00000000   Number         0  entry9a.o ABSOLUTE
    ../clib/microlib/init/entry.s            0x00000000   Number         0  entry9b.o ABSOLUTE
    ../clib/microlib/init/entry.s            0x00000000   Number         0  entry11b.o ABSOLUTE
    ../clib/microlib/init/entry.s            0x00000000   Number         0  entry2.o ABSOLUTE
    ../clib/microlib/init/entry.s            0x00000000   Number         0  entry10a.o ABSOLUTE
    ../clib/microlib/init/entry.s            0x00000000   Number         0  entry7a.o ABSOLUTE
    ../clib/microlib/init/entry.s            0x00000000   Number         0  entry11a.o ABSOLUTE
    ../clib/microlib/init/entry.s            0x00000000   Number         0  entry5.o ABSOLUTE
    ../clib/microlib/init/entry.s            0x00000000   Number         0  entry.o ABSOLUTE
    ../clib/microlib/longlong.c              0x00000000   Number         0  llushr.o ABSOLUTE
    ../clib/microlib/longlong.c              0x00000000   Number         0  llshl.o ABSOLUTE
    ../clib/microlib/longlong.c              0x00000000   Number         0  llsshr.o ABSOLUTE
    ../clib/microlib/printf/printf.c         0x00000000   Number         0  printf4.o ABSOLUTE
    ../clib/microlib/printf/printf.c         0x00000000   Number         0  printf3.o ABSOLUTE
    ../clib/microlib/printf/printf.c         0x00000000   Number         0  printf2.o ABSOLUTE
    ../clib/microlib/printf/printf.c         0x00000000   Number         0  printf1.o ABSOLUTE
    ../clib/microlib/printf/printf.c         0x00000000   Number         0  printf0.o ABSOLUTE
    ../clib/microlib/printf/printf.c         0x00000000   Number         0  printfb.o ABSOLUTE
    ../clib/microlib/printf/printf.c         0x00000000   Number         0  printf5.o ABSOLUTE
    ../clib/microlib/printf/printf.c         0x00000000   Number         0  printfa.o ABSOLUTE
    ../clib/microlib/printf/printf.c         0x00000000   Number         0  printf7.o ABSOLUTE
    ../clib/microlib/printf/printf.c         0x00000000   Number         0  printf8.o ABSOLUTE
    ../clib/microlib/printf/printf.c         0x00000000   Number         0  printf6.o ABSOLUTE
    ../clib/microlib/printf/stubs.s          0x00000000   Number         0  stubs.o ABSOLUTE
    ../clib/microlib/stdio/streams.c         0x00000000   Number         0  stdout.o ABSOLUTE
    ../clib/microlib/string/memcpy.c         0x00000000   Number         0  memcpya.o ABSOLUTE
    ../clib/microlib/string/memcpy.c         0x00000000   Number         0  memcpyb.o ABSOLUTE
    ../clib/microlib/string/memset.c         0x00000000   Number         0  memseta.o ABSOLUTE
    ../clib/microlib/string/strcmp.c         0x00000000   Number         0  strcmp.o ABSOLUTE
    ../clib/microlib/stubs.s                 0x00000000   Number         0  iusefp.o ABSOLUTE
    ../fplib/microlib/f2d.c                  0x00000000   Number         0  f2d.o ABSOLUTE
    ../fplib/microlib/fpadd.c                0x00000000   Number         0  dadd.o ABSOLUTE
    ../fplib/microlib/fpdiv.c                0x00000000   Number         0  ddiv.o ABSOLUTE
    ../fplib/microlib/fpepilogue.c           0x00000000   Number         0  depilogue.o ABSOLUTE
    ../fplib/microlib/fpfix.c                0x00000000   Number         0  dfixui.o ABSOLUTE
    ../fplib/microlib/fpfix.c                0x00000000   Number         0  dfixul.o ABSOLUTE
    ../fplib/microlib/fpflt.c                0x00000000   Number         0  dfltui.o ABSOLUTE
    ../fplib/microlib/fpmul.c                0x00000000   Number         0  dmul.o ABSOLUTE
    ../fplib/microlib/fpsqrt.c               0x00000000   Number         0  dsqrt.o ABSOLUTE
    ../mathlib/sqrt.c                        0x00000000   Number         0  sqrt.o ABSOLUTE
    ../mathlib/sqrt.c                        0x00000000   Number         0  sqrt_x.o ABSOLUTE
    APP\24Cxx\24cxx.c                        0x00000000   Number         0  24cxx.o ABSOLUTE
    APP\\24Cxx\\24cxx.c                      0x00000000   Number         0  24cxx.o ABSOLUTE
    APP\\iic\\iic.c                          0x00000000   Number         0  iic.o ABSOLUTE
    APP\\key\\key.c                          0x00000000   Number         0  key.o ABSOLUTE
    APP\\led\\led.c                          0x00000000   Number         0  led.o ABSOLUTE
    APP\\tftlcd\\tftlcd.c                    0x00000000   Number         0  tftlcd.o ABSOLUTE
    APP\\touch\\cst716.c                     0x00000000   Number         0  cst716.o ABSOLUTE
    APP\\touch\\ctiic.c                      0x00000000   Number         0  ctiic.o ABSOLUTE
    APP\\touch\\gt5663.c                     0x00000000   Number         0  gt5663.o ABSOLUTE
    APP\\touch\\touch.c                      0x00000000   Number         0  touch.o ABSOLUTE
    APP\iic\iic.c                            0x00000000   Number         0  iic.o ABSOLUTE
    APP\key\key.c                            0x00000000   Number         0  key.o ABSOLUTE
    APP\led\led.c                            0x00000000   Number         0  led.o ABSOLUTE
    APP\tftlcd\tftlcd.c                      0x00000000   Number         0  tftlcd.o ABSOLUTE
    APP\touch\cst716.c                       0x00000000   Number         0  cst716.o ABSOLUTE
    APP\touch\ctiic.c                        0x00000000   Number         0  ctiic.o ABSOLUTE
    APP\touch\gt5663.c                       0x00000000   Number         0  gt5663.o ABSOLUTE
    APP\touch\touch.c                        0x00000000   Number         0  touch.o ABSOLUTE
    Libraries\CMSIS\startup_stm32f407xx.s    0x00000000   Number         0  startup_stm32f407xx.o ABSOLUTE
    Libraries\STM32F4xx_HAL_Driver\Src\stm32f4xx_hal.c 0x00000000   Number         0  stm32f4xx_hal.o ABSOLUTE
    Libraries\STM32F4xx_HAL_Driver\Src\stm32f4xx_hal_adc.c 0x00000000   Number         0  stm32f4xx_hal_adc.o ABSOLUTE
    Libraries\STM32F4xx_HAL_Driver\Src\stm32f4xx_hal_adc_ex.c 0x00000000   Number         0  stm32f4xx_hal_adc_ex.o ABSOLUTE
    Libraries\STM32F4xx_HAL_Driver\Src\stm32f4xx_hal_can.c 0x00000000   Number         0  stm32f4xx_hal_can.o ABSOLUTE
    Libraries\STM32F4xx_HAL_Driver\Src\stm32f4xx_hal_cortex.c 0x00000000   Number         0  stm32f4xx_hal_cortex.o ABSOLUTE
    Libraries\STM32F4xx_HAL_Driver\Src\stm32f4xx_hal_dac.c 0x00000000   Number         0  stm32f4xx_hal_dac.o ABSOLUTE
    Libraries\STM32F4xx_HAL_Driver\Src\stm32f4xx_hal_dac_ex.c 0x00000000   Number         0  stm32f4xx_hal_dac_ex.o ABSOLUTE
    Libraries\STM32F4xx_HAL_Driver\Src\stm32f4xx_hal_dma.c 0x00000000   Number         0  stm32f4xx_hal_dma.o ABSOLUTE
    Libraries\STM32F4xx_HAL_Driver\Src\stm32f4xx_hal_dma_ex.c 0x00000000   Number         0  stm32f4xx_hal_dma_ex.o ABSOLUTE
    Libraries\STM32F4xx_HAL_Driver\Src\stm32f4xx_hal_flash.c 0x00000000   Number         0  stm32f4xx_hal_flash.o ABSOLUTE
    Libraries\STM32F4xx_HAL_Driver\Src\stm32f4xx_hal_flash_ex.c 0x00000000   Number         0  stm32f4xx_hal_flash_ex.o ABSOLUTE
    Libraries\STM32F4xx_HAL_Driver\Src\stm32f4xx_hal_gpio.c 0x00000000   Number         0  stm32f4xx_hal_gpio.o ABSOLUTE
    Libraries\STM32F4xx_HAL_Driver\Src\stm32f4xx_hal_iwdg.c 0x00000000   Number         0  stm32f4xx_hal_iwdg.o ABSOLUTE
    Libraries\STM32F4xx_HAL_Driver\Src\stm32f4xx_hal_pwr.c 0x00000000   Number         0  stm32f4xx_hal_pwr.o ABSOLUTE
    Libraries\STM32F4xx_HAL_Driver\Src\stm32f4xx_hal_pwr_ex.c 0x00000000   Number         0  stm32f4xx_hal_pwr_ex.o ABSOLUTE
    Libraries\STM32F4xx_HAL_Driver\Src\stm32f4xx_hal_rcc.c 0x00000000   Number         0  stm32f4xx_hal_rcc.o ABSOLUTE
    Libraries\STM32F4xx_HAL_Driver\Src\stm32f4xx_hal_rcc_ex.c 0x00000000   Number         0  stm32f4xx_hal_rcc_ex.o ABSOLUTE
    Libraries\STM32F4xx_HAL_Driver\Src\stm32f4xx_hal_rng.c 0x00000000   Number         0  stm32f4xx_hal_rng.o ABSOLUTE
    Libraries\STM32F4xx_HAL_Driver\Src\stm32f4xx_hal_rtc.c 0x00000000   Number         0  stm32f4xx_hal_rtc.o ABSOLUTE
    Libraries\STM32F4xx_HAL_Driver\Src\stm32f4xx_hal_rtc_ex.c 0x00000000   Number         0  stm32f4xx_hal_rtc_ex.o ABSOLUTE
    Libraries\STM32F4xx_HAL_Driver\Src\stm32f4xx_hal_spi.c 0x00000000   Number         0  stm32f4xx_hal_spi.o ABSOLUTE
    Libraries\STM32F4xx_HAL_Driver\Src\stm32f4xx_hal_sram.c 0x00000000   Number         0  stm32f4xx_hal_sram.o ABSOLUTE
    Libraries\STM32F4xx_HAL_Driver\Src\stm32f4xx_hal_tim.c 0x00000000   Number         0  stm32f4xx_hal_tim.o ABSOLUTE
    Libraries\STM32F4xx_HAL_Driver\Src\stm32f4xx_hal_tim_ex.c 0x00000000   Number         0  stm32f4xx_hal_tim_ex.o ABSOLUTE
    Libraries\STM32F4xx_HAL_Driver\Src\stm32f4xx_hal_uart.c 0x00000000   Number         0  stm32f4xx_hal_uart.o ABSOLUTE
    Libraries\STM32F4xx_HAL_Driver\Src\stm32f4xx_hal_usart.c 0x00000000   Number         0  stm32f4xx_hal_usart.o ABSOLUTE
    Libraries\STM32F4xx_HAL_Driver\Src\stm32f4xx_hal_wwdg.c 0x00000000   Number         0  stm32f4xx_hal_wwdg.o ABSOLUTE
    Libraries\STM32F4xx_HAL_Driver\Src\stm32f4xx_ll_fsmc.c 0x00000000   Number         0  stm32f4xx_ll_fsmc.o ABSOLUTE
    Libraries\\STM32F4xx_HAL_Driver\\Src\\stm32f4xx_hal.c 0x00000000   Number         0  stm32f4xx_hal.o ABSOLUTE
    Libraries\\STM32F4xx_HAL_Driver\\Src\\stm32f4xx_hal_adc.c 0x00000000   Number         0  stm32f4xx_hal_adc.o ABSOLUTE
    Libraries\\STM32F4xx_HAL_Driver\\Src\\stm32f4xx_hal_adc_ex.c 0x00000000   Number         0  stm32f4xx_hal_adc_ex.o ABSOLUTE
    Libraries\\STM32F4xx_HAL_Driver\\Src\\stm32f4xx_hal_can.c 0x00000000   Number         0  stm32f4xx_hal_can.o ABSOLUTE
    Libraries\\STM32F4xx_HAL_Driver\\Src\\stm32f4xx_hal_cortex.c 0x00000000   Number         0  stm32f4xx_hal_cortex.o ABSOLUTE
    Libraries\\STM32F4xx_HAL_Driver\\Src\\stm32f4xx_hal_dac.c 0x00000000   Number         0  stm32f4xx_hal_dac.o ABSOLUTE
    Libraries\\STM32F4xx_HAL_Driver\\Src\\stm32f4xx_hal_dac_ex.c 0x00000000   Number         0  stm32f4xx_hal_dac_ex.o ABSOLUTE
    Libraries\\STM32F4xx_HAL_Driver\\Src\\stm32f4xx_hal_dma.c 0x00000000   Number         0  stm32f4xx_hal_dma.o ABSOLUTE
    Libraries\\STM32F4xx_HAL_Driver\\Src\\stm32f4xx_hal_dma_ex.c 0x00000000   Number         0  stm32f4xx_hal_dma_ex.o ABSOLUTE
    Libraries\\STM32F4xx_HAL_Driver\\Src\\stm32f4xx_hal_flash.c 0x00000000   Number         0  stm32f4xx_hal_flash.o ABSOLUTE
    Libraries\\STM32F4xx_HAL_Driver\\Src\\stm32f4xx_hal_flash_ex.c 0x00000000   Number         0  stm32f4xx_hal_flash_ex.o ABSOLUTE
    Libraries\\STM32F4xx_HAL_Driver\\Src\\stm32f4xx_hal_gpio.c 0x00000000   Number         0  stm32f4xx_hal_gpio.o ABSOLUTE
    Libraries\\STM32F4xx_HAL_Driver\\Src\\stm32f4xx_hal_iwdg.c 0x00000000   Number         0  stm32f4xx_hal_iwdg.o ABSOLUTE
    Libraries\\STM32F4xx_HAL_Driver\\Src\\stm32f4xx_hal_pwr.c 0x00000000   Number         0  stm32f4xx_hal_pwr.o ABSOLUTE
    Libraries\\STM32F4xx_HAL_Driver\\Src\\stm32f4xx_hal_pwr_ex.c 0x00000000   Number         0  stm32f4xx_hal_pwr_ex.o ABSOLUTE
    Libraries\\STM32F4xx_HAL_Driver\\Src\\stm32f4xx_hal_rcc.c 0x00000000   Number         0  stm32f4xx_hal_rcc.o ABSOLUTE
    Libraries\\STM32F4xx_HAL_Driver\\Src\\stm32f4xx_hal_rcc_ex.c 0x00000000   Number         0  stm32f4xx_hal_rcc_ex.o ABSOLUTE
    Libraries\\STM32F4xx_HAL_Driver\\Src\\stm32f4xx_hal_rng.c 0x00000000   Number         0  stm32f4xx_hal_rng.o ABSOLUTE
    Libraries\\STM32F4xx_HAL_Driver\\Src\\stm32f4xx_hal_rtc.c 0x00000000   Number         0  stm32f4xx_hal_rtc.o ABSOLUTE
    Libraries\\STM32F4xx_HAL_Driver\\Src\\stm32f4xx_hal_rtc_ex.c 0x00000000   Number         0  stm32f4xx_hal_rtc_ex.o ABSOLUTE
    Libraries\\STM32F4xx_HAL_Driver\\Src\\stm32f4xx_hal_spi.c 0x00000000   Number         0  stm32f4xx_hal_spi.o ABSOLUTE
    Libraries\\STM32F4xx_HAL_Driver\\Src\\stm32f4xx_hal_sram.c 0x00000000   Number         0  stm32f4xx_hal_sram.o ABSOLUTE
    Libraries\\STM32F4xx_HAL_Driver\\Src\\stm32f4xx_hal_tim.c 0x00000000   Number         0  stm32f4xx_hal_tim.o ABSOLUTE
    Libraries\\STM32F4xx_HAL_Driver\\Src\\stm32f4xx_hal_tim_ex.c 0x00000000   Number         0  stm32f4xx_hal_tim_ex.o ABSOLUTE
    Libraries\\STM32F4xx_HAL_Driver\\Src\\stm32f4xx_hal_uart.c 0x00000000   Number         0  stm32f4xx_hal_uart.o ABSOLUTE
    Libraries\\STM32F4xx_HAL_Driver\\Src\\stm32f4xx_hal_usart.c 0x00000000   Number         0  stm32f4xx_hal_usart.o ABSOLUTE
    Libraries\\STM32F4xx_HAL_Driver\\Src\\stm32f4xx_hal_wwdg.c 0x00000000   Number         0  stm32f4xx_hal_wwdg.o ABSOLUTE
    Libraries\\STM32F4xx_HAL_Driver\\Src\\stm32f4xx_ll_fsmc.c 0x00000000   Number         0  stm32f4xx_ll_fsmc.o ABSOLUTE
    Public\SysTick.c                         0x00000000   Number         0  systick.o ABSOLUTE
    Public\\SysTick.c                        0x00000000   Number         0  systick.o ABSOLUTE
    Public\\system.c                         0x00000000   Number         0  system.o ABSOLUTE
    Public\\usart.c                          0x00000000   Number         0  usart.o ABSOLUTE
    Public\system.c                          0x00000000   Number         0  system.o ABSOLUTE
    Public\usart.c                           0x00000000   Number         0  usart.o ABSOLUTE
    User\\main.c                             0x00000000   Number         0  main.o ABSOLUTE
    User\\stm32f4xx_it.c                     0x00000000   Number         0  stm32f4xx_it.o ABSOLUTE
    User\\system_stm32f4xx.c                 0x00000000   Number         0  system_stm32f4xx.o ABSOLUTE
    User\main.c                              0x00000000   Number         0  main.o ABSOLUTE
    User\stm32f4xx_it.c                      0x00000000   Number         0  stm32f4xx_it.o ABSOLUTE
    User\system_stm32f4xx.c                  0x00000000   Number         0  system_stm32f4xx.o ABSOLUTE
    cdcmple.s                                0x00000000   Number         0  cdcmple.o ABSOLUTE
    cdrcmple.s                               0x00000000   Number         0  cdrcmple.o ABSOLUTE
    dc.s                                     0x00000000   Number         0  dc.o ABSOLUTE
    handlers.s                               0x00000000   Number         0  handlers.o ABSOLUTE
    init.s                                   0x00000000   Number         0  init.o ABSOLUTE
    RESET                                    0x08000000   Section      392  startup_stm32f407xx.o(RESET)
    .ARM.Collect$$$$00000000                 0x08000188   Section        0  entry.o(.ARM.Collect$$$$00000000)
    .ARM.Collect$$$$00000001                 0x08000188   Section        4  entry2.o(.ARM.Collect$$$$00000001)
    .ARM.Collect$$$$00000004                 0x0800018c   Section        4  entry5.o(.ARM.Collect$$$$00000004)
    .ARM.Collect$$$$00000008                 0x08000190   Section        0  entry7b.o(.ARM.Collect$$$$00000008)
    .ARM.Collect$$$$0000000A                 0x08000190   Section        0  entry8b.o(.ARM.Collect$$$$0000000A)
    .ARM.Collect$$$$0000000B                 0x08000190   Section        8  entry9a.o(.ARM.Collect$$$$0000000B)
    .ARM.Collect$$$$0000000D                 0x08000198   Section        0  entry10a.o(.ARM.Collect$$$$0000000D)
    .ARM.Collect$$$$0000000F                 0x08000198   Section        0  entry11a.o(.ARM.Collect$$$$0000000F)
    .ARM.Collect$$$$00002712                 0x08000198   Section        4  entry2.o(.ARM.Collect$$$$00002712)
    __lit__00000000                          0x08000198   Data           4  entry2.o(.ARM.Collect$$$$00002712)
    .text                                    0x0800019c   Section       36  startup_stm32f407xx.o(.text)
    $v0                                      0x0800019c   Number         0  startup_stm32f407xx.o(.text)
    .text                                    0x080001c0   Section        0  uldiv.o(.text)
    .text                                    0x08000222   Section        0  memcpya.o(.text)
    .text                                    0x08000246   Section        0  memseta.o(.text)
    .text                                    0x0800026a   Section        0  dmul.o(.text)
    .text                                    0x0800034e   Section        0  dfltui.o(.text)
    .text                                    0x08000368   Section        0  dfixui.o(.text)
    .text                                    0x0800039a   Section        0  f2d.o(.text)
    .text                                    0x080003c0   Section       48  cdcmple.o(.text)
    .text                                    0x080003f0   Section       48  cdrcmple.o(.text)
    .text                                    0x08000420   Section        0  llshl.o(.text)
    .text                                    0x0800043e   Section        0  llushr.o(.text)
    .text                                    0x0800045e   Section        0  iusefp.o(.text)
    .text                                    0x0800045e   Section        0  depilogue.o(.text)
    .text                                    0x08000518   Section        0  dsqrt.o(.text)
    .text                                    0x080005bc   Section       36  init.o(.text)
    i.AT24CXX_Init                           0x080005e0   Section        0  24cxx.o(i.AT24CXX_Init)
    i.AT24CXX_ReadLenByte                    0x080005e8   Section        0  24cxx.o(i.AT24CXX_ReadLenByte)
    i.AT24CXX_ReadOneByte                    0x08000614   Section        0  24cxx.o(i.AT24CXX_ReadOneByte)
    i.AT24CXX_WriteLenByte                   0x0800066c   Section        0  24cxx.o(i.AT24CXX_WriteLenByte)
    i.AT24CXX_WriteOneByte                   0x08000696   Section        0  24cxx.o(i.AT24CXX_WriteOneByte)
    i.BusFault_Handler                       0x080006e6   Section        0  stm32f4xx_it.o(i.BusFault_Handler)
    i.DebugMon_Handler                       0x080006ea   Section        0  stm32f4xx_it.o(i.DebugMon_Handler)
    i.FSMC_NORSRAM_Extended_Timing_Init      0x080006ec   Section        0  stm32f4xx_ll_fsmc.o(i.FSMC_NORSRAM_Extended_Timing_Init)
    i.FSMC_NORSRAM_Init                      0x08000734   Section        0  stm32f4xx_ll_fsmc.o(i.FSMC_NORSRAM_Init)
    i.FSMC_NORSRAM_Timing_Init               0x08000790   Section        0  stm32f4xx_ll_fsmc.o(i.FSMC_NORSRAM_Timing_Init)
    i.HAL_DMA_Abort_IT                       0x080007d4   Section        0  stm32f4xx_hal_dma.o(i.HAL_DMA_Abort_IT)
    i.HAL_GPIO_Init                          0x080007fc   Section        0  stm32f4xx_hal_gpio.o(i.HAL_GPIO_Init)
    i.HAL_GPIO_WritePin                      0x080009fc   Section        0  stm32f4xx_hal_gpio.o(i.HAL_GPIO_WritePin)
    i.HAL_GetREVID                           0x08000a08   Section        0  stm32f4xx_hal.o(i.HAL_GetREVID)
    i.HAL_GetTick                            0x08000a14   Section        0  stm32f4xx_hal.o(i.HAL_GetTick)
    i.HAL_IncTick                            0x08000a20   Section        0  stm32f4xx_hal.o(i.HAL_IncTick)
    i.HAL_Init                               0x08000a38   Section        0  stm32f4xx_hal.o(i.HAL_Init)
    i.HAL_InitTick                           0x08000a68   Section        0  stm32f4xx_hal.o(i.HAL_InitTick)
    i.HAL_MspInit                            0x08000ab4   Section        0  stm32f4xx_hal.o(i.HAL_MspInit)
    i.HAL_NVIC_EnableIRQ                     0x08000ab6   Section        0  stm32f4xx_hal_cortex.o(i.HAL_NVIC_EnableIRQ)
    i.HAL_NVIC_SetPriority                   0x08000ad6   Section        0  stm32f4xx_hal_cortex.o(i.HAL_NVIC_SetPriority)
    i.HAL_NVIC_SetPriorityGrouping           0x08000b54   Section        0  stm32f4xx_hal_cortex.o(i.HAL_NVIC_SetPriorityGrouping)
    i.HAL_RCC_ClockConfig                    0x08000b7c   Section        0  stm32f4xx_hal_rcc.o(i.HAL_RCC_ClockConfig)
    i.HAL_RCC_GetHCLKFreq                    0x08000d00   Section        0  stm32f4xx_hal_rcc.o(i.HAL_RCC_GetHCLKFreq)
    i.HAL_RCC_GetPCLK1Freq                   0x08000d0c   Section        0  stm32f4xx_hal_rcc.o(i.HAL_RCC_GetPCLK1Freq)
    i.HAL_RCC_GetPCLK2Freq                   0x08000d2c   Section        0  stm32f4xx_hal_rcc.o(i.HAL_RCC_GetPCLK2Freq)
    i.HAL_RCC_GetSysClockFreq                0x08000d4c   Section        0  stm32f4xx_hal_rcc.o(i.HAL_RCC_GetSysClockFreq)
    i.HAL_RCC_OscConfig                      0x08000dfc   Section        0  stm32f4xx_hal_rcc.o(i.HAL_RCC_OscConfig)
    i.HAL_SRAM_Init                          0x08001284   Section        0  stm32f4xx_hal_sram.o(i.HAL_SRAM_Init)
    i.HAL_SRAM_MspInit                       0x080012dc   Section        0  tftlcd.o(i.HAL_SRAM_MspInit)
    i.HAL_SYSTICK_CLKSourceConfig            0x080013e0   Section        0  stm32f4xx_hal_cortex.o(i.HAL_SYSTICK_CLKSourceConfig)
    i.HAL_SYSTICK_Config                     0x08001408   Section        0  stm32f4xx_hal_cortex.o(i.HAL_SYSTICK_Config)
    i.HAL_UART_ErrorCallback                 0x0800143c   Section        0  stm32f4xx_hal_uart.o(i.HAL_UART_ErrorCallback)
    i.HAL_UART_GetState                      0x0800143e   Section        0  stm32f4xx_hal_uart.o(i.HAL_UART_GetState)
    i.HAL_UART_IRQHandler                    0x08001454   Section        0  stm32f4xx_hal_uart.o(i.HAL_UART_IRQHandler)
    i.HAL_UART_Init                          0x080015a8   Section        0  stm32f4xx_hal_uart.o(i.HAL_UART_Init)
    i.HAL_UART_MspInit                       0x0800161c   Section        0  usart.o(i.HAL_UART_MspInit)
    i.HAL_UART_Receive_IT                    0x080016ac   Section        0  stm32f4xx_hal_uart.o(i.HAL_UART_Receive_IT)
    i.HAL_UART_RxCpltCallback                0x0800171c   Section        0  usart.o(i.HAL_UART_RxCpltCallback)
    i.HAL_UART_TxCpltCallback                0x080017a4   Section        0  stm32f4xx_hal_uart.o(i.HAL_UART_TxCpltCallback)
    i.HardFault_Handler                      0x080017a6   Section        0  stm32f4xx_it.o(i.HardFault_Handler)
    i.IIC_Ack                                0x080017ac   Section        0  iic.o(i.IIC_Ack)
    i.IIC_Init                               0x080017e4   Section        0  iic.o(i.IIC_Init)
    i.IIC_NAck                               0x0800186c   Section        0  iic.o(i.IIC_NAck)
    i.IIC_Read_Byte                          0x080018a4   Section        0  iic.o(i.IIC_Read_Byte)
    i.IIC_Send_Byte                          0x080018fc   Section        0  iic.o(i.IIC_Send_Byte)
    i.IIC_Start                              0x08001960   Section        0  iic.o(i.IIC_Start)
    i.IIC_Stop                               0x08001998   Section        0  iic.o(i.IIC_Stop)
    i.IIC_Wait_Ack                           0x080019d0   Section        0  iic.o(i.IIC_Wait_Ack)
    i.KEY_Init                               0x08001a1c   Section        0  key.o(i.KEY_Init)
    i.KEY_Scan                               0x08001a94   Section        0  key.o(i.KEY_Scan)
    i.LCD_Clear                              0x08001b34   Section        0  tftlcd.o(i.LCD_Clear)
    i.LCD_Display_Dir                        0x08001b7c   Section        0  tftlcd.o(i.LCD_Display_Dir)
    i.LCD_DrawFRONT_COLOR                    0x08001bc4   Section        0  tftlcd.o(i.LCD_DrawFRONT_COLOR)
    i.LCD_DrawLine                           0x08001be0   Section        0  tftlcd.o(i.LCD_DrawLine)
    i.LCD_DrawPoint                          0x08001c90   Section        0  tftlcd.o(i.LCD_DrawPoint)
    i.LCD_Draw_Circle                        0x08001cb0   Section        0  tftlcd.o(i.LCD_Draw_Circle)
    i.LCD_Fill                               0x08001d48   Section        0  tftlcd.o(i.LCD_Fill)
    i.LCD_Pow                                0x08001da4   Section        0  tftlcd.o(i.LCD_Pow)
    i.LCD_ReadData                           0x08001dbc   Section        0  tftlcd.o(i.LCD_ReadData)
    i.LCD_Set_Window                         0x08001dc8   Section        0  tftlcd.o(i.LCD_Set_Window)
    i.LCD_ShowChar                           0x08001e14   Section        0  tftlcd.o(i.LCD_ShowChar)
    i.LCD_ShowNum                            0x08001f3c   Section        0  tftlcd.o(i.LCD_ShowNum)
    i.LCD_ShowString                         0x08001fd0   Section        0  tftlcd.o(i.LCD_ShowString)
    i.LCD_WriteCmd                           0x08002038   Section        0  tftlcd.o(i.LCD_WriteCmd)
    i.LCD_WriteData                          0x08002044   Section        0  tftlcd.o(i.LCD_WriteData)
    i.LCD_WriteData_Color                    0x08002050   Section        0  tftlcd.o(i.LCD_WriteData_Color)
    i.LED_Init                               0x08002068   Section        0  led.o(i.LED_Init)
    i.MemManage_Handler                      0x080020f0   Section        0  stm32f4xx_it.o(i.MemManage_Handler)
    i.NMI_Handler                            0x080020f4   Section        0  stm32f4xx_it.o(i.NMI_Handler)
    i.PendSV_Handler                         0x080020f6   Section        0  stm32f4xx_it.o(i.PendSV_Handler)
    i.SDA_IN                                 0x080020f8   Section        0  iic.o(i.SDA_IN)
    i.SDA_OUT                                0x08002120   Section        0  iic.o(i.SDA_OUT)
    i.SVC_Handler                            0x08002144   Section        0  stm32f4xx_it.o(i.SVC_Handler)
    i.SysTick_Handler                        0x08002146   Section        0  stm32f4xx_it.o(i.SysTick_Handler)
    i.SysTick_Init                           0x08002150   Section        0  systick.o(i.SysTick_Init)
    i.SystemClock_Init                       0x08002164   Section        0  system.o(i.SystemClock_Init)
    i.SystemInit                             0x08002230   Section        0  system_stm32f4xx.o(i.SystemInit)
    i.TFTLCD_FSMC_Init                       0x0800224c   Section        0  tftlcd.o(i.TFTLCD_FSMC_Init)
    i.TFTLCD_Init                            0x08002308   Section        0  tftlcd.o(i.TFTLCD_Init)
    i.TP_Adj_Info_Show                       0x080024c4   Section        0  touch.o(i.TP_Adj_Info_Show)
    i.TP_Adjust                              0x0800266c   Section        0  touch.o(i.TP_Adjust)
    i.TP_Drow_Touch_Point                    0x08002f6c   Section        0  touch.o(i.TP_Drow_Touch_Point)
    i.TP_Get_Adjdata                         0x08002fdc   Section        0  touch.o(i.TP_Get_Adjdata)
    i.TP_Init                                0x08003090   Section        0  touch.o(i.TP_Init)
    i.TP_Read_AD                             0x08003178   Section        0  touch.o(i.TP_Read_AD)
    i.TP_Read_XOY                            0x0800320c   Section        0  touch.o(i.TP_Read_XOY)
    i.TP_Read_XY                             0x08003288   Section        0  touch.o(i.TP_Read_XY)
    i.TP_Read_XY2                            0x080032b8   Section        0  touch.o(i.TP_Read_XY2)
    i.TP_Save_Adjdata                        0x08003378   Section        0  touch.o(i.TP_Save_Adjdata)
    i.TP_Scan                                0x080033f8   Section        0  touch.o(i.TP_Scan)
    i.TP_Write_Byte                          0x080034ec   Section        0  touch.o(i.TP_Write_Byte)
    i.UART_DMAAbortOnError                   0x08003538   Section        0  stm32f4xx_hal_uart.o(i.UART_DMAAbortOnError)
    UART_DMAAbortOnError                     0x08003539   Thumb Code    20  stm32f4xx_hal_uart.o(i.UART_DMAAbortOnError)
    i.UART_EndRxTransfer                     0x0800354c   Section        0  stm32f4xx_hal_uart.o(i.UART_EndRxTransfer)
    UART_EndRxTransfer                       0x0800354d   Thumb Code    32  stm32f4xx_hal_uart.o(i.UART_EndRxTransfer)
    i.UART_EndTransmit_IT                    0x0800356c   Section        0  stm32f4xx_hal_uart.o(i.UART_EndTransmit_IT)
    UART_EndTransmit_IT                      0x0800356d   Thumb Code    32  stm32f4xx_hal_uart.o(i.UART_EndTransmit_IT)
    i.UART_Receive_IT                        0x0800358c   Section        0  stm32f4xx_hal_uart.o(i.UART_Receive_IT)
    UART_Receive_IT                          0x0800358d   Thumb Code   166  stm32f4xx_hal_uart.o(i.UART_Receive_IT)
    i.UART_SetConfig                         0x08003634   Section        0  stm32f4xx_hal_uart.o(i.UART_SetConfig)
    UART_SetConfig                           0x08003635   Thumb Code   992  stm32f4xx_hal_uart.o(i.UART_SetConfig)
    i.UART_Transmit_IT                       0x08003a1c   Section        0  stm32f4xx_hal_uart.o(i.UART_Transmit_IT)
    UART_Transmit_IT                         0x08003a1d   Thumb Code   104  stm32f4xx_hal_uart.o(i.UART_Transmit_IT)
    i.USART1_IRQHandler                      0x08003a84   Section        0  usart.o(i.USART1_IRQHandler)
    i.USART1_Init                            0x08003ac4   Section        0  usart.o(i.USART1_Init)
    i.UsageFault_Handler                     0x08003afc   Section        0  stm32f4xx_it.o(i.UsageFault_Handler)
    i.__0printf$5                            0x08003b00   Section        0  printf5.o(i.__0printf$5)
    i.__0sprintf$5                           0x08003b20   Section        0  printf5.o(i.__0sprintf$5)
    i.__NVIC_GetPriorityGrouping             0x08003b48   Section        0  stm32f4xx_hal_cortex.o(i.__NVIC_GetPriorityGrouping)
    __NVIC_GetPriorityGrouping               0x08003b49   Thumb Code    10  stm32f4xx_hal_cortex.o(i.__NVIC_GetPriorityGrouping)
    i.__NVIC_SetPriority                     0x08003b58   Section        0  stm32f4xx_hal_cortex.o(i.__NVIC_SetPriority)
    __NVIC_SetPriority                       0x08003b59   Thumb Code    32  stm32f4xx_hal_cortex.o(i.__NVIC_SetPriority)
    i.__hardfp_sqrt                          0x08003b80   Section        0  sqrt.o(i.__hardfp_sqrt)
    i.__scatterload_copy                     0x08003bfa   Section       14  handlers.o(i.__scatterload_copy)
    i.__scatterload_null                     0x08003c08   Section        2  handlers.o(i.__scatterload_null)
    i.__scatterload_zeroinit                 0x08003c0a   Section       14  handlers.o(i.__scatterload_zeroinit)
    i.__set_errno                            0x08003c18   Section        0  errno.o(i.__set_errno)
    i._printf_core                           0x08003c24   Section        0  printf5.o(i._printf_core)
    _printf_core                             0x08003c25   Thumb Code   658  printf5.o(i._printf_core)
    i._sputc                                 0x08003ee4   Section        0  printf5.o(i._sputc)
    _sputc                                   0x08003ee5   Thumb Code    10  printf5.o(i._sputc)
    i.center_of_mass_shift                   0x08003ef0   Section        0  main.o(i.center_of_mass_shift)
    i.delay_ms                               0x08004030   Section        0  systick.o(i.delay_ms)
    i.delay_us                               0x08004048   Section        0  systick.o(i.delay_us)
    i.display_init                           0x08004090   Section        0  main.o(i.display_init)
    i.draw_hr_brush                          0x08004174   Section        0  main.o(i.draw_hr_brush)
    i.fputc                                  0x080041bc   Section        0  usart.o(i.fputc)
    i.kai_display                            0x080041d8   Section        0  main.o(i.kai_display)
    i.main                                   0x08004214   Section        0  main.o(i.main)
    i.preprocess_trajectory                  0x080044fc   Section        0  main.o(i.preprocess_trajectory)
    i.simple_cnn_predict                     0x080047e4   Section        0  main.o(i.simple_cnn_predict)
    .constdata                               0x08004b4c   Section    169835  main.o(.constdata)
    .constdata                               0x0802e2b7   Section       24  system_stm32f4xx.o(.constdata)
    .constdata                               0x0802e2cf   Section    18712  tftlcd.o(.constdata)
    .constdata                               0x08032be8   Section        4  touch.o(.constdata)
    .conststring                             0x08032bec   Section      121  touch.o(.conststring)
    .data                                    0x10000000   Section        4  system_stm32f4xx.o(.data)
    .data                                    0x10000004   Section        9  stm32f4xx_hal.o(.data)
    .data                                    0x1000000e   Section       12  tftlcd.o(.data)
    .data                                    0x1000001a   Section        1  key.o(.data)
    key                                      0x1000001a   Data           1  key.o(.data)
    .data                                    0x1000001c   Section       74  touch.o(.data)
    .data                                    0x10000068   Section        4  systick.o(.data)
    fac_us                                   0x10000068   Data           4  systick.o(.data)
    .data                                    0x1000006c   Section        3  usart.o(.data)
    .data                                    0x10000070   Section        4  stdout.o(.data)
    .data                                    0x10000074   Section        4  errno.o(.data)
    _errno                                   0x10000074   Data           4  errno.o(.data)
    .bss                                     0x10000078   Section       80  tftlcd.o(.bss)
    .bss                                     0x100000c8   Section      264  usart.o(.bss)
    STACK                                    0x100001d0   Section     4096  startup_stm32f407xx.o(STACK)
    .bss                                     0x20000000   Section    88496  main.o(.bss)
    temp_grid                                0x20000960   Data        3136  main.o(.bss)
    hr_grid                                  0x200015a0   Data        7056  main.o(.bss)
    conv1_out                                0x20003130   Data       43264  main.o(.bss)
    conv2_out                                0x2000da30   Data       15488  main.o(.bss)
    pool1_out                                0x200116b0   Data       10816  main.o(.bss)
    pool2_out                                0x200140f0   Data        3200  main.o(.bss)
    nn_input                                 0x20014d70   Data        3136  main.o(.bss)

    Global Symbols

    Symbol Name                              Value     Ov Type        Size  Object(Section)

    BuildAttributes$$THM_ISAv4$E$P$D$K$B$S$7EM$VFPi3$EXTD16$VFPS$VFMA$PE$A:L22UL41UL21$X:L11$S22US41US21$IEEE1$IW$USESV6$~STKCKD$USESV7$~SHL$OTIME$ROPI$IEEEJ$EBA8$MICROLIB$REQ8$PRES8$EABIv2 0x00000000   Number         0  anon$$obj.o ABSOLUTE
    __ARM_use_no_argv                        0x00000000   Number         0  main.o ABSOLUTE
    _printf_a                                0x00000000   Number         0  stubs.o ABSOLUTE
    _printf_c                                0x00000000   Number         0  stubs.o ABSOLUTE
    _printf_charcount                        0x00000000   Number         0  stubs.o ABSOLUTE
    _printf_d                                0x00000000   Number         0  stubs.o ABSOLUTE
    _printf_e                                0x00000000   Number         0  stubs.o ABSOLUTE
    _printf_f                                0x00000000   Number         0  stubs.o ABSOLUTE
    _printf_flags                            0x00000000   Number         0  stubs.o ABSOLUTE
    _printf_fp_dec                           0x00000000   Number         0  stubs.o ABSOLUTE
    _printf_fp_hex                           0x00000000   Number         0  stubs.o ABSOLUTE
    _printf_g                                0x00000000   Number         0  stubs.o ABSOLUTE
    _printf_i                                0x00000000   Number         0  stubs.o ABSOLUTE
    _printf_int_dec                          0x00000000   Number         0  stubs.o ABSOLUTE
    _printf_l                                0x00000000   Number         0  stubs.o ABSOLUTE
    _printf_lc                               0x00000000   Number         0  stubs.o ABSOLUTE
    _printf_ll                               0x00000000   Number         0  stubs.o ABSOLUTE
    _printf_lld                              0x00000000   Number         0  stubs.o ABSOLUTE
    _printf_lli                              0x00000000   Number         0  stubs.o ABSOLUTE
    _printf_llo                              0x00000000   Number         0  stubs.o ABSOLUTE
    _printf_llu                              0x00000000   Number         0  stubs.o ABSOLUTE
    _printf_llx                              0x00000000   Number         0  stubs.o ABSOLUTE
    _printf_longlong_dec                     0x00000000   Number         0  stubs.o ABSOLUTE
    _printf_longlong_hex                     0x00000000   Number         0  stubs.o ABSOLUTE
    _printf_longlong_oct                     0x00000000   Number         0  stubs.o ABSOLUTE
    _printf_ls                               0x00000000   Number         0  stubs.o ABSOLUTE
    _printf_mbtowc                           0x00000000   Number         0  stubs.o ABSOLUTE
    _printf_n                                0x00000000   Number         0  stubs.o ABSOLUTE
    _printf_o                                0x00000000   Number         0  stubs.o ABSOLUTE
    _printf_p                                0x00000000   Number         0  stubs.o ABSOLUTE
    _printf_percent                          0x00000000   Number         0  stubs.o ABSOLUTE
    _printf_pre_padding                      0x00000000   Number         0  stubs.o ABSOLUTE
    _printf_return_value                     0x00000000   Number         0  stubs.o ABSOLUTE
    _printf_s                                0x00000000   Number         0  stubs.o ABSOLUTE
    _printf_sizespec                         0x00000000   Number         0  stubs.o ABSOLUTE
    _printf_str                              0x00000000   Number         0  stubs.o ABSOLUTE
    _printf_truncate_signed                  0x00000000   Number         0  stubs.o ABSOLUTE
    _printf_truncate_unsigned                0x00000000   Number         0  stubs.o ABSOLUTE
    _printf_u                                0x00000000   Number         0  stubs.o ABSOLUTE
    _printf_wc                               0x00000000   Number         0  stubs.o ABSOLUTE
    _printf_wctomb                           0x00000000   Number         0  stubs.o ABSOLUTE
    _printf_widthprec                        0x00000000   Number         0  stubs.o ABSOLUTE
    _printf_x                                0x00000000   Number         0  stubs.o ABSOLUTE
    __cpp_initialize__aeabi_                  - Undefined Weak Reference
    __cxa_finalize                            - Undefined Weak Reference
    __decompress                              - Undefined Weak Reference
    _clock_init                               - Undefined Weak Reference
    _microlib_exit                            - Undefined Weak Reference
    __Vectors_Size                           0x00000188   Number         0  startup_stm32f407xx.o ABSOLUTE
    __Vectors                                0x08000000   Data           4  startup_stm32f407xx.o(RESET)
    __Vectors_End                            0x08000188   Data           0  startup_stm32f407xx.o(RESET)
    __main                                   0x08000189   Thumb Code     0  entry.o(.ARM.Collect$$$$00000000)
    _main_stk                                0x08000189   Thumb Code     0  entry2.o(.ARM.Collect$$$$00000001)
    _main_scatterload                        0x0800018d   Thumb Code     0  entry5.o(.ARM.Collect$$$$00000004)
    __main_after_scatterload                 0x08000191   Thumb Code     0  entry5.o(.ARM.Collect$$$$00000004)
    _main_clock                              0x08000191   Thumb Code     0  entry7b.o(.ARM.Collect$$$$00000008)
    _main_cpp_init                           0x08000191   Thumb Code     0  entry8b.o(.ARM.Collect$$$$0000000A)
    _main_init                               0x08000191   Thumb Code     0  entry9a.o(.ARM.Collect$$$$0000000B)
    __rt_final_cpp                           0x08000199   Thumb Code     0  entry10a.o(.ARM.Collect$$$$0000000D)
    __rt_final_exit                          0x08000199   Thumb Code     0  entry11a.o(.ARM.Collect$$$$0000000F)
    Reset_Handler                            0x0800019d   Thumb Code     8  startup_stm32f407xx.o(.text)
    ADC_IRQHandler                           0x080001b7   Thumb Code     0  startup_stm32f407xx.o(.text)
    CAN1_RX0_IRQHandler                      0x080001b7   Thumb Code     0  startup_stm32f407xx.o(.text)
    CAN1_RX1_IRQHandler                      0x080001b7   Thumb Code     0  startup_stm32f407xx.o(.text)
    CAN1_SCE_IRQHandler                      0x080001b7   Thumb Code     0  startup_stm32f407xx.o(.text)
    CAN1_TX_IRQHandler                       0x080001b7   Thumb Code     0  startup_stm32f407xx.o(.text)
    CAN2_RX0_IRQHandler                      0x080001b7   Thumb Code     0  startup_stm32f407xx.o(.text)
    CAN2_RX1_IRQHandler                      0x080001b7   Thumb Code     0  startup_stm32f407xx.o(.text)
    CAN2_SCE_IRQHandler                      0x080001b7   Thumb Code     0  startup_stm32f407xx.o(.text)
    CAN2_TX_IRQHandler                       0x080001b7   Thumb Code     0  startup_stm32f407xx.o(.text)
    DCMI_IRQHandler                          0x080001b7   Thumb Code     0  startup_stm32f407xx.o(.text)
    DMA1_Stream0_IRQHandler                  0x080001b7   Thumb Code     0  startup_stm32f407xx.o(.text)
    DMA1_Stream1_IRQHandler                  0x080001b7   Thumb Code     0  startup_stm32f407xx.o(.text)
    DMA1_Stream2_IRQHandler                  0x080001b7   Thumb Code     0  startup_stm32f407xx.o(.text)
    DMA1_Stream3_IRQHandler                  0x080001b7   Thumb Code     0  startup_stm32f407xx.o(.text)
    DMA1_Stream4_IRQHandler                  0x080001b7   Thumb Code     0  startup_stm32f407xx.o(.text)
    DMA1_Stream5_IRQHandler                  0x080001b7   Thumb Code     0  startup_stm32f407xx.o(.text)
    DMA1_Stream6_IRQHandler                  0x080001b7   Thumb Code     0  startup_stm32f407xx.o(.text)
    DMA1_Stream7_IRQHandler                  0x080001b7   Thumb Code     0  startup_stm32f407xx.o(.text)
    DMA2_Stream0_IRQHandler                  0x080001b7   Thumb Code     0  startup_stm32f407xx.o(.text)
    DMA2_Stream1_IRQHandler                  0x080001b7   Thumb Code     0  startup_stm32f407xx.o(.text)
    DMA2_Stream2_IRQHandler                  0x080001b7   Thumb Code     0  startup_stm32f407xx.o(.text)
    DMA2_Stream3_IRQHandler                  0x080001b7   Thumb Code     0  startup_stm32f407xx.o(.text)
    DMA2_Stream4_IRQHandler                  0x080001b7   Thumb Code     0  startup_stm32f407xx.o(.text)
    DMA2_Stream5_IRQHandler                  0x080001b7   Thumb Code     0  startup_stm32f407xx.o(.text)
    DMA2_Stream6_IRQHandler                  0x080001b7   Thumb Code     0  startup_stm32f407xx.o(.text)
    DMA2_Stream7_IRQHandler                  0x080001b7   Thumb Code     0  startup_stm32f407xx.o(.text)
    ETH_IRQHandler                           0x080001b7   Thumb Code     0  startup_stm32f407xx.o(.text)
    ETH_WKUP_IRQHandler                      0x080001b7   Thumb Code     0  startup_stm32f407xx.o(.text)
    EXTI0_IRQHandler                         0x080001b7   Thumb Code     0  startup_stm32f407xx.o(.text)
    EXTI15_10_IRQHandler                     0x080001b7   Thumb Code     0  startup_stm32f407xx.o(.text)
    EXTI1_IRQHandler                         0x080001b7   Thumb Code     0  startup_stm32f407xx.o(.text)
    EXTI2_IRQHandler                         0x080001b7   Thumb Code     0  startup_stm32f407xx.o(.text)
    EXTI3_IRQHandler                         0x080001b7   Thumb Code     0  startup_stm32f407xx.o(.text)
    EXTI4_IRQHandler                         0x080001b7   Thumb Code     0  startup_stm32f407xx.o(.text)
    EXTI9_5_IRQHandler                       0x080001b7   Thumb Code     0  startup_stm32f407xx.o(.text)
    FLASH_IRQHandler                         0x080001b7   Thumb Code     0  startup_stm32f407xx.o(.text)
    FMC_IRQHandler                           0x080001b7   Thumb Code     0  startup_stm32f407xx.o(.text)
    FPU_IRQHandler                           0x080001b7   Thumb Code     0  startup_stm32f407xx.o(.text)
    HASH_RNG_IRQHandler                      0x080001b7   Thumb Code     0  startup_stm32f407xx.o(.text)
    I2C1_ER_IRQHandler                       0x080001b7   Thumb Code     0  startup_stm32f407xx.o(.text)
    I2C1_EV_IRQHandler                       0x080001b7   Thumb Code     0  startup_stm32f407xx.o(.text)
    I2C2_ER_IRQHandler                       0x080001b7   Thumb Code     0  startup_stm32f407xx.o(.text)
    I2C2_EV_IRQHandler                       0x080001b7   Thumb Code     0  startup_stm32f407xx.o(.text)
    I2C3_ER_IRQHandler                       0x080001b7   Thumb Code     0  startup_stm32f407xx.o(.text)
    I2C3_EV_IRQHandler                       0x080001b7   Thumb Code     0  startup_stm32f407xx.o(.text)
    OTG_FS_IRQHandler                        0x080001b7   Thumb Code     0  startup_stm32f407xx.o(.text)
    OTG_FS_WKUP_IRQHandler                   0x080001b7   Thumb Code     0  startup_stm32f407xx.o(.text)
    OTG_HS_EP1_IN_IRQHandler                 0x080001b7   Thumb Code     0  startup_stm32f407xx.o(.text)
    OTG_HS_EP1_OUT_IRQHandler                0x080001b7   Thumb Code     0  startup_stm32f407xx.o(.text)
    OTG_HS_IRQHandler                        0x080001b7   Thumb Code     0  startup_stm32f407xx.o(.text)
    OTG_HS_WKUP_IRQHandler                   0x080001b7   Thumb Code     0  startup_stm32f407xx.o(.text)
    PVD_IRQHandler                           0x080001b7   Thumb Code     0  startup_stm32f407xx.o(.text)
    RCC_IRQHandler                           0x080001b7   Thumb Code     0  startup_stm32f407xx.o(.text)
    RTC_Alarm_IRQHandler                     0x080001b7   Thumb Code     0  startup_stm32f407xx.o(.text)
    RTC_WKUP_IRQHandler                      0x080001b7   Thumb Code     0  startup_stm32f407xx.o(.text)
    SDIO_IRQHandler                          0x080001b7   Thumb Code     0  startup_stm32f407xx.o(.text)
    SPI1_IRQHandler                          0x080001b7   Thumb Code     0  startup_stm32f407xx.o(.text)
    SPI2_IRQHandler                          0x080001b7   Thumb Code     0  startup_stm32f407xx.o(.text)
    SPI3_IRQHandler                          0x080001b7   Thumb Code     0  startup_stm32f407xx.o(.text)
    TAMP_STAMP_IRQHandler                    0x080001b7   Thumb Code     0  startup_stm32f407xx.o(.text)
    TIM1_BRK_TIM9_IRQHandler                 0x080001b7   Thumb Code     0  startup_stm32f407xx.o(.text)
    TIM1_CC_IRQHandler                       0x080001b7   Thumb Code     0  startup_stm32f407xx.o(.text)
    TIM1_TRG_COM_TIM11_IRQHandler            0x080001b7   Thumb Code     0  startup_stm32f407xx.o(.text)
    TIM1_UP_TIM10_IRQHandler                 0x080001b7   Thumb Code     0  startup_stm32f407xx.o(.text)
    TIM2_IRQHandler                          0x080001b7   Thumb Code     0  startup_stm32f407xx.o(.text)
    TIM3_IRQHandler                          0x080001b7   Thumb Code     0  startup_stm32f407xx.o(.text)
    TIM4_IRQHandler                          0x080001b7   Thumb Code     0  startup_stm32f407xx.o(.text)
    TIM5_IRQHandler                          0x080001b7   Thumb Code     0  startup_stm32f407xx.o(.text)
    TIM6_DAC_IRQHandler                      0x080001b7   Thumb Code     0  startup_stm32f407xx.o(.text)
    TIM7_IRQHandler                          0x080001b7   Thumb Code     0  startup_stm32f407xx.o(.text)
    TIM8_BRK_TIM12_IRQHandler                0x080001b7   Thumb Code     0  startup_stm32f407xx.o(.text)
    TIM8_CC_IRQHandler                       0x080001b7   Thumb Code     0  startup_stm32f407xx.o(.text)
    TIM8_TRG_COM_TIM14_IRQHandler            0x080001b7   Thumb Code     0  startup_stm32f407xx.o(.text)
    TIM8_UP_TIM13_IRQHandler                 0x080001b7   Thumb Code     0  startup_stm32f407xx.o(.text)
    UART4_IRQHandler                         0x080001b7   Thumb Code     0  startup_stm32f407xx.o(.text)
    UART5_IRQHandler                         0x080001b7   Thumb Code     0  startup_stm32f407xx.o(.text)
    USART2_IRQHandler                        0x080001b7   Thumb Code     0  startup_stm32f407xx.o(.text)
    USART3_IRQHandler                        0x080001b7   Thumb Code     0  startup_stm32f407xx.o(.text)
    USART6_IRQHandler                        0x080001b7   Thumb Code     0  startup_stm32f407xx.o(.text)
    WWDG_IRQHandler                          0x080001b7   Thumb Code     0  startup_stm32f407xx.o(.text)
    __aeabi_uldivmod                         0x080001c1   Thumb Code    98  uldiv.o(.text)
    __aeabi_memcpy                           0x08000223   Thumb Code    36  memcpya.o(.text)
    __aeabi_memcpy4                          0x08000223   Thumb Code     0  memcpya.o(.text)
    __aeabi_memcpy8                          0x08000223   Thumb Code     0  memcpya.o(.text)
    __aeabi_memset                           0x08000247   Thumb Code    14  memseta.o(.text)
    __aeabi_memset4                          0x08000247   Thumb Code     0  memseta.o(.text)
    __aeabi_memset8                          0x08000247   Thumb Code     0  memseta.o(.text)
    __aeabi_memclr                           0x08000255   Thumb Code     4  memseta.o(.text)
    __aeabi_memclr4                          0x08000255   Thumb Code     0  memseta.o(.text)
    __aeabi_memclr8                          0x08000255   Thumb Code     0  memseta.o(.text)
    _memset$wrapper                          0x08000259   Thumb Code    18  memseta.o(.text)
    __aeabi_dmul                             0x0800026b   Thumb Code   228  dmul.o(.text)
    __aeabi_ui2d                             0x0800034f   Thumb Code    26  dfltui.o(.text)
    __aeabi_d2uiz                            0x08000369   Thumb Code    50  dfixui.o(.text)
    __aeabi_f2d                              0x0800039b   Thumb Code    38  f2d.o(.text)
    __aeabi_cdcmpeq                          0x080003c1   Thumb Code     0  cdcmple.o(.text)
    __aeabi_cdcmple                          0x080003c1   Thumb Code    48  cdcmple.o(.text)
    __aeabi_cdrcmple                         0x080003f1   Thumb Code    48  cdrcmple.o(.text)
    __aeabi_llsl                             0x08000421   Thumb Code    30  llshl.o(.text)
    _ll_shift_l                              0x08000421   Thumb Code     0  llshl.o(.text)
    __aeabi_llsr                             0x0800043f   Thumb Code    32  llushr.o(.text)
    _ll_ushift_r                             0x0800043f   Thumb Code     0  llushr.o(.text)
    __I$use$fp                               0x0800045f   Thumb Code     0  iusefp.o(.text)
    _double_round                            0x0800045f   Thumb Code    30  depilogue.o(.text)
    _double_epilogue                         0x0800047d   Thumb Code   156  depilogue.o(.text)
    _dsqrt                                   0x08000519   Thumb Code   162  dsqrt.o(.text)
    __scatterload                            0x080005bd   Thumb Code    28  init.o(.text)
    __scatterload_rt2                        0x080005bd   Thumb Code     0  init.o(.text)
    AT24CXX_Init                             0x080005e1   Thumb Code     8  24cxx.o(i.AT24CXX_Init)
    AT24CXX_ReadLenByte                      0x080005e9   Thumb Code    44  24cxx.o(i.AT24CXX_ReadLenByte)
    AT24CXX_ReadOneByte                      0x08000615   Thumb Code    88  24cxx.o(i.AT24CXX_ReadOneByte)
    AT24CXX_WriteLenByte                     0x0800066d   Thumb Code    42  24cxx.o(i.AT24CXX_WriteLenByte)
    AT24CXX_WriteOneByte                     0x08000697   Thumb Code    80  24cxx.o(i.AT24CXX_WriteOneByte)
    BusFault_Handler                         0x080006e7   Thumb Code     4  stm32f4xx_it.o(i.BusFault_Handler)
    DebugMon_Handler                         0x080006eb   Thumb Code     2  stm32f4xx_it.o(i.DebugMon_Handler)
    FSMC_NORSRAM_Extended_Timing_Init        0x080006ed   Thumb Code    66  stm32f4xx_ll_fsmc.o(i.FSMC_NORSRAM_Extended_Timing_Init)
    FSMC_NORSRAM_Init                        0x08000735   Thumb Code    88  stm32f4xx_ll_fsmc.o(i.FSMC_NORSRAM_Init)
    FSMC_NORSRAM_Timing_Init                 0x08000791   Thumb Code    68  stm32f4xx_ll_fsmc.o(i.FSMC_NORSRAM_Timing_Init)
    HAL_DMA_Abort_IT                         0x080007d5   Thumb Code    40  stm32f4xx_hal_dma.o(i.HAL_DMA_Abort_IT)
    HAL_GPIO_Init                            0x080007fd   Thumb Code   466  stm32f4xx_hal_gpio.o(i.HAL_GPIO_Init)
    HAL_GPIO_WritePin                        0x080009fd   Thumb Code    12  stm32f4xx_hal_gpio.o(i.HAL_GPIO_WritePin)
    HAL_GetREVID                             0x08000a09   Thumb Code     8  stm32f4xx_hal.o(i.HAL_GetREVID)
    HAL_GetTick                              0x08000a15   Thumb Code     6  stm32f4xx_hal.o(i.HAL_GetTick)
    HAL_IncTick                              0x08000a21   Thumb Code    16  stm32f4xx_hal.o(i.HAL_IncTick)
    HAL_Init                                 0x08000a39   Thumb Code    44  stm32f4xx_hal.o(i.HAL_Init)
    HAL_InitTick                             0x08000a69   Thumb Code    64  stm32f4xx_hal.o(i.HAL_InitTick)
    HAL_MspInit                              0x08000ab5   Thumb Code     2  stm32f4xx_hal.o(i.HAL_MspInit)
    HAL_NVIC_EnableIRQ                       0x08000ab7   Thumb Code    32  stm32f4xx_hal_cortex.o(i.HAL_NVIC_EnableIRQ)
    HAL_NVIC_SetPriority                     0x08000ad7   Thumb Code   124  stm32f4xx_hal_cortex.o(i.HAL_NVIC_SetPriority)
    HAL_NVIC_SetPriorityGrouping             0x08000b55   Thumb Code    32  stm32f4xx_hal_cortex.o(i.HAL_NVIC_SetPriorityGrouping)
    HAL_RCC_ClockConfig                      0x08000b7d   Thumb Code   368  stm32f4xx_hal_rcc.o(i.HAL_RCC_ClockConfig)
    HAL_RCC_GetHCLKFreq                      0x08000d01   Thumb Code     6  stm32f4xx_hal_rcc.o(i.HAL_RCC_GetHCLKFreq)
    HAL_RCC_GetPCLK1Freq                     0x08000d0d   Thumb Code    22  stm32f4xx_hal_rcc.o(i.HAL_RCC_GetPCLK1Freq)
    HAL_RCC_GetPCLK2Freq                     0x08000d2d   Thumb Code    22  stm32f4xx_hal_rcc.o(i.HAL_RCC_GetPCLK2Freq)
    HAL_RCC_GetSysClockFreq                  0x08000d4d   Thumb Code   162  stm32f4xx_hal_rcc.o(i.HAL_RCC_GetSysClockFreq)
    HAL_RCC_OscConfig                        0x08000dfd   Thumb Code  1152  stm32f4xx_hal_rcc.o(i.HAL_RCC_OscConfig)
    HAL_SRAM_Init                            0x08001285   Thumb Code    88  stm32f4xx_hal_sram.o(i.HAL_SRAM_Init)
    HAL_SRAM_MspInit                         0x080012dd   Thumb Code   240  tftlcd.o(i.HAL_SRAM_MspInit)
    HAL_SYSTICK_CLKSourceConfig              0x080013e1   Thumb Code    40  stm32f4xx_hal_cortex.o(i.HAL_SYSTICK_CLKSourceConfig)
    HAL_SYSTICK_Config                       0x08001409   Thumb Code    52  stm32f4xx_hal_cortex.o(i.HAL_SYSTICK_Config)
    HAL_UART_ErrorCallback                   0x0800143d   Thumb Code     2  stm32f4xx_hal_uart.o(i.HAL_UART_ErrorCallback)
    HAL_UART_GetState                        0x0800143f   Thumb Code    20  stm32f4xx_hal_uart.o(i.HAL_UART_GetState)
    HAL_UART_IRQHandler                      0x08001455   Thumb Code   336  stm32f4xx_hal_uart.o(i.HAL_UART_IRQHandler)
    HAL_UART_Init                            0x080015a9   Thumb Code   114  stm32f4xx_hal_uart.o(i.HAL_UART_Init)
    HAL_UART_MspInit                         0x0800161d   Thumb Code   132  usart.o(i.HAL_UART_MspInit)
    HAL_UART_Receive_IT                      0x080016ad   Thumb Code   112  stm32f4xx_hal_uart.o(i.HAL_UART_Receive_IT)
    HAL_UART_RxCpltCallback                  0x0800171d   Thumb Code   120  usart.o(i.HAL_UART_RxCpltCallback)
    HAL_UART_TxCpltCallback                  0x080017a5   Thumb Code     2  stm32f4xx_hal_uart.o(i.HAL_UART_TxCpltCallback)
    HardFault_Handler                        0x080017a7   Thumb Code     4  stm32f4xx_it.o(i.HardFault_Handler)
    IIC_Ack                                  0x080017ad   Thumb Code    48  iic.o(i.IIC_Ack)
    IIC_Init                                 0x080017e5   Thumb Code   118  iic.o(i.IIC_Init)
    IIC_NAck                                 0x0800186d   Thumb Code    48  iic.o(i.IIC_NAck)
    IIC_Read_Byte                            0x080018a5   Thumb Code    80  iic.o(i.IIC_Read_Byte)
    IIC_Send_Byte                            0x080018fd   Thumb Code    90  iic.o(i.IIC_Send_Byte)
    IIC_Start                                0x08001961   Thumb Code    46  iic.o(i.IIC_Start)
    IIC_Stop                                 0x08001999   Thumb Code    46  iic.o(i.IIC_Stop)
    IIC_Wait_Ack                             0x080019d1   Thumb Code    68  iic.o(i.IIC_Wait_Ack)
    KEY_Init                                 0x08001a1d   Thumb Code   106  key.o(i.KEY_Init)
    KEY_Scan                                 0x08001a95   Thumb Code   148  key.o(i.KEY_Scan)
    LCD_Clear                                0x08001b35   Thumb Code    68  tftlcd.o(i.LCD_Clear)
    LCD_Display_Dir                          0x08001b7d   Thumb Code    66  tftlcd.o(i.LCD_Display_Dir)
    LCD_DrawFRONT_COLOR                      0x08001bc5   Thumb Code    28  tftlcd.o(i.LCD_DrawFRONT_COLOR)
    LCD_DrawLine                             0x08001be1   Thumb Code   176  tftlcd.o(i.LCD_DrawLine)
    LCD_DrawPoint                            0x08001c91   Thumb Code    28  tftlcd.o(i.LCD_DrawPoint)
    LCD_Draw_Circle                          0x08001cb1   Thumb Code   152  tftlcd.o(i.LCD_Draw_Circle)
    LCD_Fill                                 0x08001d49   Thumb Code    92  tftlcd.o(i.LCD_Fill)
    LCD_Pow                                  0x08001da5   Thumb Code    22  tftlcd.o(i.LCD_Pow)
    LCD_ReadData                             0x08001dbd   Thumb Code     6  tftlcd.o(i.LCD_ReadData)
    LCD_Set_Window                           0x08001dc9   Thumb Code    74  tftlcd.o(i.LCD_Set_Window)
    LCD_ShowChar                             0x08001e15   Thumb Code   272  tftlcd.o(i.LCD_ShowChar)
    LCD_ShowNum                              0x08001f3d   Thumb Code   148  tftlcd.o(i.LCD_ShowNum)
    LCD_ShowString                           0x08001fd1   Thumb Code   102  tftlcd.o(i.LCD_ShowString)
    LCD_WriteCmd                             0x08002039   Thumb Code     6  tftlcd.o(i.LCD_WriteCmd)
    LCD_WriteData                            0x08002045   Thumb Code     6  tftlcd.o(i.LCD_WriteData)
    LCD_WriteData_Color                      0x08002051   Thumb Code    18  tftlcd.o(i.LCD_WriteData_Color)
    LED_Init                                 0x08002069   Thumb Code   126  led.o(i.LED_Init)
    MemManage_Handler                        0x080020f1   Thumb Code     4  stm32f4xx_it.o(i.MemManage_Handler)
    NMI_Handler                              0x080020f5   Thumb Code     2  stm32f4xx_it.o(i.NMI_Handler)
    PendSV_Handler                           0x080020f7   Thumb Code     2  stm32f4xx_it.o(i.PendSV_Handler)
    SDA_IN                                   0x080020f9   Thumb Code    34  iic.o(i.SDA_IN)
    SDA_OUT                                  0x08002121   Thumb Code    32  iic.o(i.SDA_OUT)
    SVC_Handler                              0x08002145   Thumb Code     2  stm32f4xx_it.o(i.SVC_Handler)
    SysTick_Handler                          0x08002147   Thumb Code     8  stm32f4xx_it.o(i.SysTick_Handler)
    SysTick_Init                             0x08002151   Thumb Code    16  systick.o(i.SysTick_Init)
    SystemClock_Init                         0x08002165   Thumb Code   190  system.o(i.SystemClock_Init)
    SystemInit                               0x08002231   Thumb Code    24  system_stm32f4xx.o(i.SystemInit)
    TFTLCD_FSMC_Init                         0x0800224d   Thumb Code   172  tftlcd.o(i.TFTLCD_FSMC_Init)
    TFTLCD_Init                              0x08002309   Thumb Code   422  tftlcd.o(i.TFTLCD_Init)
    TP_Adj_Info_Show                         0x080024c5   Thumb Code   374  touch.o(i.TP_Adj_Info_Show)
    TP_Adjust                                0x0800266d   Thumb Code  2272  touch.o(i.TP_Adjust)
    TP_Drow_Touch_Point                      0x08002f6d   Thumb Code   108  touch.o(i.TP_Drow_Touch_Point)
    TP_Get_Adjdata                           0x08002fdd   Thumb Code   164  touch.o(i.TP_Get_Adjdata)
    TP_Init                                  0x08003091   Thumb Code   212  touch.o(i.TP_Init)
    TP_Read_AD                               0x08003179   Thumb Code   132  touch.o(i.TP_Read_AD)
    TP_Read_XOY                              0x0800320d   Thumb Code   122  touch.o(i.TP_Read_XOY)
    TP_Read_XY                               0x08003289   Thumb Code    38  touch.o(i.TP_Read_XY)
    TP_Read_XY2                              0x080032b9   Thumb Code   192  touch.o(i.TP_Read_XY2)
    TP_Save_Adjdata                          0x08003379   Thumb Code   118  touch.o(i.TP_Save_Adjdata)
    TP_Scan                                  0x080033f9   Thumb Code   236  touch.o(i.TP_Scan)
    TP_Write_Byte                            0x080034ed   Thumb Code    64  touch.o(i.TP_Write_Byte)
    USART1_IRQHandler                        0x08003a85   Thumb Code    56  usart.o(i.USART1_IRQHandler)
    USART1_Init                              0x08003ac5   Thumb Code    44  usart.o(i.USART1_Init)
    UsageFault_Handler                       0x08003afd   Thumb Code     4  stm32f4xx_it.o(i.UsageFault_Handler)
    __0printf$5                              0x08003b01   Thumb Code    22  printf5.o(i.__0printf$5)
    __1printf$5                              0x08003b01   Thumb Code     0  printf5.o(i.__0printf$5)
    __2printf                                0x08003b01   Thumb Code     0  printf5.o(i.__0printf$5)
    __0sprintf$5                             0x08003b21   Thumb Code    34  printf5.o(i.__0sprintf$5)
    __1sprintf$5                             0x08003b21   Thumb Code     0  printf5.o(i.__0sprintf$5)
    __2sprintf                               0x08003b21   Thumb Code     0  printf5.o(i.__0sprintf$5)
    __hardfp_sqrt                            0x08003b81   Thumb Code   122  sqrt.o(i.__hardfp_sqrt)
    __scatterload_copy                       0x08003bfb   Thumb Code    14  handlers.o(i.__scatterload_copy)
    __scatterload_null                       0x08003c09   Thumb Code     2  handlers.o(i.__scatterload_null)
    __scatterload_zeroinit                   0x08003c0b   Thumb Code    14  handlers.o(i.__scatterload_zeroinit)
    __set_errno                              0x08003c19   Thumb Code     6  errno.o(i.__set_errno)
    center_of_mass_shift                     0x08003ef1   Thumb Code   312  main.o(i.center_of_mass_shift)
    delay_ms                                 0x08004031   Thumb Code    24  systick.o(i.delay_ms)
    delay_us                                 0x08004049   Thumb Code    68  systick.o(i.delay_us)
    display_init                             0x08004091   Thumb Code   202  main.o(i.display_init)
    draw_hr_brush                            0x08004175   Thumb Code    72  main.o(i.draw_hr_brush)
    fputc                                    0x080041bd   Thumb Code    22  usart.o(i.fputc)
    kai_display                              0x080041d9   Thumb Code    32  main.o(i.kai_display)
    main                                     0x08004215   Thumb Code   662  main.o(i.main)
    preprocess_trajectory                    0x080044fd   Thumb Code   732  main.o(i.preprocess_trajectory)
    simple_cnn_predict                       0x080047e5   Thumb Code   822  main.o(i.simple_cnn_predict)
    conv1_w                                  0x08004b4c   Data         576  main.o(.constdata)
    conv1_b                                  0x08004d8c   Data          64  main.o(.constdata)
    conv2_w                                  0x08004dcc   Data       18432  main.o(.constdata)
    conv2_b                                  0x080095cc   Data         128  main.o(.constdata)
    fc_w                                     0x0800964c   Data       150400  main.o(.constdata)
    fc_b                                     0x0802e1cc   Data         188  main.o(.constdata)
    EMNIST_MAP                               0x0802e288   Data          47  main.o(.constdata)
    AHBPrescTable                            0x0802e2b7   Data          16  system_stm32f4xx.o(.constdata)
    APBPrescTable                            0x0802e2c7   Data           8  system_stm32f4xx.o(.constdata)
    ascii_1206                               0x0802e2cf   Data        1140  tftlcd.o(.constdata)
    ascii_1608                               0x0802e743   Data        1520  tftlcd.o(.constdata)
    ascii_2412                               0x0802ed33   Data        3420  tftlcd.o(.constdata)
    ascii_3216                               0x0802fa8f   Data       12160  tftlcd.o(.constdata)
    CnChar32x29                              0x08032a0f   Data         472  tftlcd.o(.constdata)
    TP_REMIND_MSG_TBL                        0x08032be8   Data           4  touch.o(.constdata)
    Region$$Table$$Base                      0x08032c68   Number         0  anon$$obj.o(Region$$Table)
    Region$$Table$$Limit                     0x08032c98   Number         0  anon$$obj.o(Region$$Table)
    SystemCoreClock                          0x10000000   Data           4  system_stm32f4xx.o(.data)
    uwTick                                   0x10000004   Data           4  stm32f4xx_hal.o(.data)
    uwTickPrio                               0x10000008   Data           4  stm32f4xx_hal.o(.data)
    uwTickFreq                               0x1000000c   Data           1  stm32f4xx_hal.o(.data)
    FRONT_COLOR                              0x1000000e   Data           2  tftlcd.o(.data)
    BACK_COLOR                               0x10000010   Data           2  tftlcd.o(.data)
    tftlcd_data                              0x10000012   Data           8  tftlcd.o(.data)
    tp_dev                                   0x1000001c   Data          72  touch.o(.data)
    CMD_RDX                                  0x10000064   Data           1  touch.o(.data)
    CMD_RDY                                  0x10000065   Data           1  touch.o(.data)
    USART1_RX_STA                            0x1000006c   Data           2  usart.o(.data)
    aRxBuffer                                0x1000006e   Data           1  usart.o(.data)
    __stdout                                 0x10000070   Data           4  stdout.o(.data)
    TFTSRAM_Handler                          0x10000078   Data          80  tftlcd.o(.bss)
    UART1_Handler                            0x100000c8   Data          64  usart.o(.bss)
    USART1_RX_BUF                            0x10000108   Data         200  usart.o(.bss)
    __initial_sp                             0x100011d0   Data           0  startup_stm32f407xx.o(STACK)
    ncr_input_buf                            0x20000000   Data        2400  main.o(.bss)



==============================================================================

Memory Map of the image

  Image Entry point : 0x08000189

  Load Region LR_IROM1 (Base: 0x08000000, Size: 0x00032d10, Max: 0x00100000, ABSOLUTE)

    Execution Region ER_IROM1 (Exec base: 0x08000000, Load base: 0x08000000, Size: 0x00032c98, Max: 0x00100000, ABSOLUTE)

    Exec Addr    Load Addr    Size         Type   Attr      Idx    E Section Name        Object

    0x08000000   0x08000000   0x00000188   Data   RO          509    RESET               startup_stm32f407xx.o
    0x08000188   0x08000188   0x00000000   Code   RO         5870  * .ARM.Collect$$$$00000000  mc_w.l(entry.o)
    0x08000188   0x08000188   0x00000004   Code   RO         6156    .ARM.Collect$$$$00000001  mc_w.l(entry2.o)
    0x0800018c   0x0800018c   0x00000004   Code   RO         6159    .ARM.Collect$$$$00000004  mc_w.l(entry5.o)
    0x08000190   0x08000190   0x00000000   Code   RO         6161    .ARM.Collect$$$$00000008  mc_w.l(entry7b.o)
    0x08000190   0x08000190   0x00000000   Code   RO         6163    .ARM.Collect$$$$0000000A  mc_w.l(entry8b.o)
    0x08000190   0x08000190   0x00000008   Code   RO         6164    .ARM.Collect$$$$0000000B  mc_w.l(entry9a.o)
    0x08000198   0x08000198   0x00000000   Code   RO         6166    .ARM.Collect$$$$0000000D  mc_w.l(entry10a.o)
    0x08000198   0x08000198   0x00000000   Code   RO         6168    .ARM.Collect$$$$0000000F  mc_w.l(entry11a.o)
    0x08000198   0x08000198   0x00000004   Code   RO         6157    .ARM.Collect$$$$00002712  mc_w.l(entry2.o)
    0x0800019c   0x0800019c   0x00000024   Code   RO          510    .text               startup_stm32f407xx.o
    0x080001c0   0x080001c0   0x00000062   Code   RO         5873    .text               mc_w.l(uldiv.o)
    0x08000222   0x08000222   0x00000024   Code   RO         5875    .text               mc_w.l(memcpya.o)
    0x08000246   0x08000246   0x00000024   Code   RO         5877    .text               mc_w.l(memseta.o)
    0x0800026a   0x0800026a   0x000000e4   Code   RO         6144    .text               mf_w.l(dmul.o)
    0x0800034e   0x0800034e   0x0000001a   Code   RO         6146    .text               mf_w.l(dfltui.o)
    0x08000368   0x08000368   0x00000032   Code   RO         6148    .text               mf_w.l(dfixui.o)
    0x0800039a   0x0800039a   0x00000026   Code   RO         6150    .text               mf_w.l(f2d.o)
    0x080003c0   0x080003c0   0x00000030   Code   RO         6152    .text               mf_w.l(cdcmple.o)
    0x080003f0   0x080003f0   0x00000030   Code   RO         6154    .text               mf_w.l(cdrcmple.o)
    0x08000420   0x08000420   0x0000001e   Code   RO         6173    .text               mc_w.l(llshl.o)
    0x0800043e   0x0800043e   0x00000020   Code   RO         6175    .text               mc_w.l(llushr.o)
    0x0800045e   0x0800045e   0x00000000   Code   RO         6184    .text               mc_w.l(iusefp.o)
    0x0800045e   0x0800045e   0x000000ba   Code   RO         6185    .text               mf_w.l(depilogue.o)
    0x08000518   0x08000518   0x000000a2   Code   RO         6191    .text               mf_w.l(dsqrt.o)
    0x080005ba   0x080005ba   0x00000002   PAD
    0x080005bc   0x080005bc   0x00000024   Code   RO         6195    .text               mc_w.l(init.o)
    0x080005e0   0x080005e0   0x00000008   Code   RO         5284    i.AT24CXX_Init      24cxx.o
    0x080005e8   0x080005e8   0x0000002c   Code   RO         5286    i.AT24CXX_ReadLenByte  24cxx.o
    0x08000614   0x08000614   0x00000058   Code   RO         5287    i.AT24CXX_ReadOneByte  24cxx.o
    0x0800066c   0x0800066c   0x0000002a   Code   RO         5289    i.AT24CXX_WriteLenByte  24cxx.o
    0x08000696   0x08000696   0x00000050   Code   RO         5290    i.AT24CXX_WriteOneByte  24cxx.o
    0x080006e6   0x080006e6   0x00000004   Code   RO          307    i.BusFault_Handler  stm32f4xx_it.o
    0x080006ea   0x080006ea   0x00000002   Code   RO          308    i.DebugMon_Handler  stm32f4xx_it.o
    0x080006ec   0x080006ec   0x00000048   Code   RO         4210    i.FSMC_NORSRAM_Extended_Timing_Init  stm32f4xx_ll_fsmc.o
    0x08000734   0x08000734   0x0000005c   Code   RO         4211    i.FSMC_NORSRAM_Init  stm32f4xx_ll_fsmc.o
    0x08000790   0x08000790   0x00000044   Code   RO         4212    i.FSMC_NORSRAM_Timing_Init  stm32f4xx_ll_fsmc.o
    0x080007d4   0x080007d4   0x00000028   Code   RO         2182    i.HAL_DMA_Abort_IT  stm32f4xx_hal_dma.o
    0x080007fc   0x080007fc   0x00000200   Code   RO          846    i.HAL_GPIO_Init     stm32f4xx_hal_gpio.o
    0x080009fc   0x080009fc   0x0000000c   Code   RO          850    i.HAL_GPIO_WritePin  stm32f4xx_hal_gpio.o
    0x08000a08   0x08000a08   0x0000000c   Code   RO          529    i.HAL_GetREVID      stm32f4xx_hal.o
    0x08000a14   0x08000a14   0x0000000c   Code   RO          530    i.HAL_GetTick       stm32f4xx_hal.o
    0x08000a20   0x08000a20   0x00000018   Code   RO          536    i.HAL_IncTick       stm32f4xx_hal.o
    0x08000a38   0x08000a38   0x00000030   Code   RO          537    i.HAL_Init          stm32f4xx_hal.o
    0x08000a68   0x08000a68   0x0000004c   Code   RO          538    i.HAL_InitTick      stm32f4xx_hal.o
    0x08000ab4   0x08000ab4   0x00000002   Code   RO          540    i.HAL_MspInit       stm32f4xx_hal.o
    0x08000ab6   0x08000ab6   0x00000020   Code   RO          708    i.HAL_NVIC_EnableIRQ  stm32f4xx_hal_cortex.o
    0x08000ad6   0x08000ad6   0x0000007c   Code   RO          714    i.HAL_NVIC_SetPriority  stm32f4xx_hal_cortex.o
    0x08000b52   0x08000b52   0x00000002   PAD
    0x08000b54   0x08000b54   0x00000028   Code   RO          715    i.HAL_NVIC_SetPriorityGrouping  stm32f4xx_hal_cortex.o
    0x08000b7c   0x08000b7c   0x00000184   Code   RO         1084    i.HAL_RCC_ClockConfig  stm32f4xx_hal_rcc.o
    0x08000d00   0x08000d00   0x0000000c   Code   RO         1089    i.HAL_RCC_GetHCLKFreq  stm32f4xx_hal_rcc.o
    0x08000d0c   0x08000d0c   0x00000020   Code   RO         1091    i.HAL_RCC_GetPCLK1Freq  stm32f4xx_hal_rcc.o
    0x08000d2c   0x08000d2c   0x00000020   Code   RO         1092    i.HAL_RCC_GetPCLK2Freq  stm32f4xx_hal_rcc.o
    0x08000d4c   0x08000d4c   0x000000b0   Code   RO         1093    i.HAL_RCC_GetSysClockFreq  stm32f4xx_hal_rcc.o
    0x08000dfc   0x08000dfc   0x00000488   Code   RO         1096    i.HAL_RCC_OscConfig  stm32f4xx_hal_rcc.o
    0x08001284   0x08001284   0x00000058   Code   RO         4332    i.HAL_SRAM_Init     stm32f4xx_hal_sram.o
    0x080012dc   0x080012dc   0x00000104   Code   RO         5040    i.HAL_SRAM_MspInit  tftlcd.o
    0x080013e0   0x080013e0   0x00000028   Code   RO          717    i.HAL_SYSTICK_CLKSourceConfig  stm32f4xx_hal_cortex.o
    0x08001408   0x08001408   0x00000034   Code   RO          719    i.HAL_SYSTICK_Config  stm32f4xx_hal_cortex.o
    0x0800143c   0x0800143c   0x00000002   Code   RO         2346    i.HAL_UART_ErrorCallback  stm32f4xx_hal_uart.o
    0x0800143e   0x0800143e   0x00000014   Code   RO         2348    i.HAL_UART_GetState  stm32f4xx_hal_uart.o
    0x08001452   0x08001452   0x00000002   PAD
    0x08001454   0x08001454   0x00000154   Code   RO         2349    i.HAL_UART_IRQHandler  stm32f4xx_hal_uart.o
    0x080015a8   0x080015a8   0x00000072   Code   RO         2350    i.HAL_UART_Init     stm32f4xx_hal_uart.o
    0x0800161a   0x0800161a   0x00000002   PAD
    0x0800161c   0x0800161c   0x00000090   Code   RO         5806    i.HAL_UART_MspInit  usart.o
    0x080016ac   0x080016ac   0x00000070   Code   RO         2355    i.HAL_UART_Receive_IT  stm32f4xx_hal_uart.o
    0x0800171c   0x0800171c   0x00000088   Code   RO         5807    i.HAL_UART_RxCpltCallback  usart.o
    0x080017a4   0x080017a4   0x00000002   Code   RO         2361    i.HAL_UART_TxCpltCallback  stm32f4xx_hal_uart.o
    0x080017a6   0x080017a6   0x00000004   Code   RO          309    i.HardFault_Handler  stm32f4xx_it.o
    0x080017aa   0x080017aa   0x00000002   PAD
    0x080017ac   0x080017ac   0x00000038   Code   RO         5355    i.IIC_Ack           iic.o
    0x080017e4   0x080017e4   0x00000088   Code   RO         5356    i.IIC_Init          iic.o
    0x0800186c   0x0800186c   0x00000038   Code   RO         5357    i.IIC_NAck          iic.o
    0x080018a4   0x080018a4   0x00000058   Code   RO         5358    i.IIC_Read_Byte     iic.o
    0x080018fc   0x080018fc   0x00000064   Code   RO         5359    i.IIC_Send_Byte     iic.o
    0x08001960   0x08001960   0x00000038   Code   RO         5360    i.IIC_Start         iic.o
    0x08001998   0x08001998   0x00000038   Code   RO         5361    i.IIC_Stop          iic.o
    0x080019d0   0x080019d0   0x0000004c   Code   RO         5362    i.IIC_Wait_Ack      iic.o
    0x08001a1c   0x08001a1c   0x00000078   Code   RO         5249    i.KEY_Init          key.o
    0x08001a94   0x08001a94   0x000000a0   Code   RO         5250    i.KEY_Scan          key.o
    0x08001b34   0x08001b34   0x00000048   Code   RO         5041    i.LCD_Clear         tftlcd.o
    0x08001b7c   0x08001b7c   0x00000048   Code   RO         5043    i.LCD_Display_Dir   tftlcd.o
    0x08001bc4   0x08001bc4   0x0000001c   Code   RO         5044    i.LCD_DrawFRONT_COLOR  tftlcd.o
    0x08001be0   0x08001be0   0x000000b0   Code   RO         5045    i.LCD_DrawLine      tftlcd.o
    0x08001c90   0x08001c90   0x00000020   Code   RO         5047    i.LCD_DrawPoint     tftlcd.o
    0x08001cb0   0x08001cb0   0x00000098   Code   RO         5049    i.LCD_Draw_Circle   tftlcd.o
    0x08001d48   0x08001d48   0x0000005c   Code   RO         5051    i.LCD_Fill          tftlcd.o
    0x08001da4   0x08001da4   0x00000016   Code   RO         5052    i.LCD_Pow           tftlcd.o
    0x08001dba   0x08001dba   0x00000002   PAD
    0x08001dbc   0x08001dbc   0x0000000c   Code   RO         5054    i.LCD_ReadData      tftlcd.o
    0x08001dc8   0x08001dc8   0x0000004a   Code   RO         5057    i.LCD_Set_Window    tftlcd.o
    0x08001e12   0x08001e12   0x00000002   PAD
    0x08001e14   0x08001e14   0x00000128   Code   RO         5058    i.LCD_ShowChar      tftlcd.o
    0x08001f3c   0x08001f3c   0x00000094   Code   RO         5060    i.LCD_ShowNum       tftlcd.o
    0x08001fd0   0x08001fd0   0x00000066   Code   RO         5062    i.LCD_ShowString    tftlcd.o
    0x08002036   0x08002036   0x00000002   PAD
    0x08002038   0x08002038   0x0000000c   Code   RO         5064    i.LCD_WriteCmd      tftlcd.o
    0x08002044   0x08002044   0x0000000c   Code   RO         5066    i.LCD_WriteData     tftlcd.o
    0x08002050   0x08002050   0x00000018   Code   RO         5067    i.LCD_WriteData_Color  tftlcd.o
    0x08002068   0x08002068   0x00000088   Code   RO         5013    i.LED_Init          led.o
    0x080020f0   0x080020f0   0x00000004   Code   RO          310    i.MemManage_Handler  stm32f4xx_it.o
    0x080020f4   0x080020f4   0x00000002   Code   RO          311    i.NMI_Handler       stm32f4xx_it.o
    0x080020f6   0x080020f6   0x00000002   Code   RO          312    i.PendSV_Handler    stm32f4xx_it.o
    0x080020f8   0x080020f8   0x00000028   Code   RO         5363    i.SDA_IN            iic.o
    0x08002120   0x08002120   0x00000024   Code   RO         5364    i.SDA_OUT           iic.o
    0x08002144   0x08002144   0x00000002   Code   RO          313    i.SVC_Handler       stm32f4xx_it.o
    0x08002146   0x08002146   0x00000008   Code   RO          314    i.SysTick_Handler   stm32f4xx_it.o
    0x0800214e   0x0800214e   0x00000002   PAD
    0x08002150   0x08002150   0x00000014   Code   RO         5765    i.SysTick_Init      systick.o
    0x08002164   0x08002164   0x000000cc   Code   RO         5738    i.SystemClock_Init  system.o
    0x08002230   0x08002230   0x0000001c   Code   RO          386    i.SystemInit        system_stm32f4xx.o
    0x0800224c   0x0800224c   0x000000bc   Code   RO         5068    i.TFTLCD_FSMC_Init  tftlcd.o
    0x08002308   0x08002308   0x000001bc   Code   RO         5069    i.TFTLCD_Init       tftlcd.o
    0x080024c4   0x080024c4   0x000001a8   Code   RO         5582    i.TP_Adj_Info_Show  touch.o
    0x0800266c   0x0800266c   0x00000900   Code   RO         5583    i.TP_Adjust         touch.o
    0x08002f6c   0x08002f6c   0x00000070   Code   RO         5585    i.TP_Drow_Touch_Point  touch.o
    0x08002fdc   0x08002fdc   0x000000b4   Code   RO         5586    i.TP_Get_Adjdata    touch.o
    0x08003090   0x08003090   0x000000e8   Code   RO         5587    i.TP_Init           touch.o
    0x08003178   0x08003178   0x00000094   Code   RO         5588    i.TP_Read_AD        touch.o
    0x0800320c   0x0800320c   0x0000007a   Code   RO         5589    i.TP_Read_XOY       touch.o
    0x08003286   0x08003286   0x00000002   PAD
    0x08003288   0x08003288   0x00000030   Code   RO         5590    i.TP_Read_XY        touch.o
    0x080032b8   0x080032b8   0x000000c0   Code   RO         5591    i.TP_Read_XY2       touch.o
    0x08003378   0x08003378   0x00000080   Code   RO         5592    i.TP_Save_Adjdata   touch.o
    0x080033f8   0x080033f8   0x000000f4   Code   RO         5593    i.TP_Scan           touch.o
    0x080034ec   0x080034ec   0x0000004c   Code   RO         5594    i.TP_Write_Byte     touch.o
    0x08003538   0x08003538   0x00000014   Code   RO         2363    i.UART_DMAAbortOnError  stm32f4xx_hal_uart.o
    0x0800354c   0x0800354c   0x00000020   Code   RO         2373    i.UART_EndRxTransfer  stm32f4xx_hal_uart.o
    0x0800356c   0x0800356c   0x00000020   Code   RO         2374    i.UART_EndTransmit_IT  stm32f4xx_hal_uart.o
    0x0800358c   0x0800358c   0x000000a6   Code   RO         2376    i.UART_Receive_IT   stm32f4xx_hal_uart.o
    0x08003632   0x08003632   0x00000002   PAD
    0x08003634   0x08003634   0x000003e8   Code   RO         2377    i.UART_SetConfig    stm32f4xx_hal_uart.o
    0x08003a1c   0x08003a1c   0x00000068   Code   RO         2378    i.UART_Transmit_IT  stm32f4xx_hal_uart.o
    0x08003a84   0x08003a84   0x00000040   Code   RO         5808    i.USART1_IRQHandler  usart.o
    0x08003ac4   0x08003ac4   0x00000038   Code   RO         5809    i.USART1_Init       usart.o
    0x08003afc   0x08003afc   0x00000004   Code   RO          315    i.UsageFault_Handler  stm32f4xx_it.o
    0x08003b00   0x08003b00   0x00000020   Code   RO         6016    i.__0printf$5       mc_w.l(printf5.o)
    0x08003b20   0x08003b20   0x00000028   Code   RO         6018    i.__0sprintf$5      mc_w.l(printf5.o)
    0x08003b48   0x08003b48   0x00000010   Code   RO          721    i.__NVIC_GetPriorityGrouping  stm32f4xx_hal_cortex.o
    0x08003b58   0x08003b58   0x00000028   Code   RO          722    i.__NVIC_SetPriority  stm32f4xx_hal_cortex.o
    0x08003b80   0x08003b80   0x0000007a   Code   RO         5858    i.__hardfp_sqrt     m_wm.l(sqrt.o)
    0x08003bfa   0x08003bfa   0x0000000e   Code   RO         6201    i.__scatterload_copy  mc_w.l(handlers.o)
    0x08003c08   0x08003c08   0x00000002   Code   RO         6202    i.__scatterload_null  mc_w.l(handlers.o)
    0x08003c0a   0x08003c0a   0x0000000e   Code   RO         6203    i.__scatterload_zeroinit  mc_w.l(handlers.o)
    0x08003c18   0x08003c18   0x0000000c   Code   RO         6179    i.__set_errno       mc_w.l(errno.o)
    0x08003c24   0x08003c24   0x000002c0   Code   RO         6023    i._printf_core      mc_w.l(printf5.o)
    0x08003ee4   0x08003ee4   0x0000000a   Code   RO         6025    i._sputc            mc_w.l(printf5.o)
    0x08003eee   0x08003eee   0x00000002   PAD
    0x08003ef0   0x08003ef0   0x00000140   Code   RO            4    i.center_of_mass_shift  main.o
    0x08004030   0x08004030   0x00000018   Code   RO         5766    i.delay_ms          systick.o
    0x08004048   0x08004048   0x00000048   Code   RO         5767    i.delay_us          systick.o
    0x08004090   0x08004090   0x000000e4   Code   RO            5    i.display_init      main.o
    0x08004174   0x08004174   0x00000048   Code   RO            6    i.draw_hr_brush     main.o
    0x080041bc   0x080041bc   0x0000001c   Code   RO         5810    i.fputc             usart.o
    0x080041d8   0x080041d8   0x0000003c   Code   RO            7    i.kai_display       main.o
    0x08004214   0x08004214   0x000002e8   Code   RO            8    i.main              main.o
    0x080044fc   0x080044fc   0x000002e8   Code   RO            9    i.preprocess_trajectory  main.o
    0x080047e4   0x080047e4   0x00000368   Code   RO           10    i.simple_cnn_predict  main.o
    0x08004b4c   0x08004b4c   0x0002976b   Data   RO           12    .constdata          main.o
    0x0802e2b7   0x0802e2b7   0x00000018   Data   RO          387    .constdata          system_stm32f4xx.o
    0x0802e2cf   0x0802e2cf   0x00004918   Data   RO         5071    .constdata          tftlcd.o
    0x08032be7   0x08032be7   0x00000001   PAD
    0x08032be8   0x08032be8   0x00000004   Data   RO         5595    .constdata          touch.o
    0x08032bec   0x08032bec   0x00000079   Data   RO         5596    .conststring        touch.o
    0x08032c65   0x08032c65   0x00000003   PAD
    0x08032c68   0x08032c68   0x00000030   Data   RO         6199    Region$$Table       anon$$obj.o


    Execution Region RW_IRAM2 (Exec base: 0x10000000, Load base: 0x08032c98, Size: 0x000011d0, Max: 0x00010000, ABSOLUTE)

    Exec Addr    Load Addr    Size         Type   Attr      Idx    E Section Name        Object

    0x10000000   0x08032c98   0x00000004   Data   RW          388    .data               system_stm32f4xx.o
    0x10000004   0x08032c9c   0x00000009   Data   RW          544    .data               stm32f4xx_hal.o
    0x1000000d   0x08032ca5   0x00000001   PAD
    0x1000000e   0x08032ca6   0x0000000c   Data   RW         5072    .data               tftlcd.o
    0x1000001a   0x08032cb2   0x00000001   Data   RW         5251    .data               key.o
    0x1000001b   0x08032cb3   0x00000001   PAD
    0x1000001c   0x08032cb4   0x0000004a   Data   RW         5597    .data               touch.o
    0x10000066   0x08032cfe   0x00000002   PAD
    0x10000068   0x08032d00   0x00000004   Data   RW         5768    .data               systick.o
    0x1000006c   0x08032d04   0x00000003   Data   RW         5812    .data               usart.o
    0x1000006f   0x08032d07   0x00000001   PAD
    0x10000070   0x08032d08   0x00000004   Data   RW         6170    .data               mc_w.l(stdout.o)
    0x10000074   0x08032d0c   0x00000004   Data   RW         6180    .data               mc_w.l(errno.o)
    0x10000078        -       0x00000050   Zero   RW         5070    .bss                tftlcd.o
    0x100000c8        -       0x00000108   Zero   RW         5811    .bss                usart.o
    0x100001d0        -       0x00001000   Zero   RW          507    STACK               startup_stm32f407xx.o


    Execution Region RW_IRAM1 (Exec base: 0x20000000, Load base: 0x08032c98, Size: 0x000159b0, Max: 0x00020000, ABSOLUTE)

    Exec Addr    Load Addr    Size         Type   Attr      Idx    E Section Name        Object

    0x20000000        -       0x000159b0   Zero   RW           11    .bss                main.o


==============================================================================

Image component sizes


      Code (inc. data)   RO Data    RW Data    ZI Data      Debug   Object Name

       262          0          0          0          0       3005   24cxx.o
       700         90          0          0          0       5553   iic.o
       280         26          0          1          0       1546   key.o
       136         10          0          0          0        847   led.o
      3040        206     169835          0      88496     682585   main.o
        36          8        392          0       4096        824   startup_stm32f407xx.o
       174         34          0          9          0       9642   stm32f4xx_hal.o
       344         22          0          0          0      34873   stm32f4xx_hal_cortex.o
        40          0          0          0          0       1095   stm32f4xx_hal_dma.o
       524         46          0          0          0       2252   stm32f4xx_hal_gpio.o
      1800         84          0          0          0       5496   stm32f4xx_hal_rcc.o
        88          0          0          0          0       1172   stm32f4xx_hal_sram.o
      1944         12          0          0          0       8551   stm32f4xx_hal_uart.o
        32          0          0          0          0       3950   stm32f4xx_it.o
       232         10          0          0          0       2659   stm32f4xx_ll_fsmc.o
       204         14          0          0          0       3267   system.o
        28          4         24          4          0       1039   system_stm32f4xx.o
       116          8          0          4          0       1821   systick.o
      2218        120      18712         12         80      15110   tftlcd.o
      4210        264        125         74          0      10293   touch.o
       428         54          0          3        264       3373   usart.o

    ----------------------------------------------------------------------
     16856       1012     189140        112      92936     798953   Object Totals
         0          0         48          0          0          0   (incl. Generated)
        20          0          4          5          0          0   (incl. Padding)

    ----------------------------------------------------------------------

      Code (inc. data)   RO Data    RW Data    ZI Data      Debug   Library Member Name

       122          0          0          0          0        148   sqrt.o
         0          0          0          0          0          0   entry.o
         0          0          0          0          0          0   entry10a.o
         0          0          0          0          0          0   entry11a.o
         8          4          0          0          0          0   entry2.o
         4          0          0          0          0          0   entry5.o
         0          0          0          0          0          0   entry7b.o
         0          0          0          0          0          0   entry8b.o
         8          4          0          0          0          0   entry9a.o
        12          6          0          4          0         68   errno.o
        30          0          0          0          0          0   handlers.o
        36          8          0          0          0         68   init.o
         0          0          0          0          0          0   iusefp.o
        30          0          0          0          0         68   llshl.o
        32          0          0          0          0         68   llushr.o
        36          0          0          0          0         68   memcpya.o
        36          0          0          0          0        108   memseta.o
       786         62          0          0          0        336   printf5.o
         0          0          0          4          0          0   stdout.o
        98          0          0          0          0         92   uldiv.o
        48          0          0          0          0         68   cdcmple.o
        48          0          0          0          0         68   cdrcmple.o
       186          0          0          0          0        176   depilogue.o
        50          0          0          0          0         76   dfixui.o
        26          0          0          0          0         76   dfltui.o
       228          0          0          0          0         96   dmul.o
       162          0          0          0          0        100   dsqrt.o
        38          0          0          0          0         68   f2d.o

    ----------------------------------------------------------------------
      2028         84          0          8          0       1752   Library Totals
         4          0          0          0          0          0   (incl. Padding)

    ----------------------------------------------------------------------

      Code (inc. data)   RO Data    RW Data    ZI Data      Debug   Library Name

       122          0          0          0          0        148   m_wm.l
      1116         84          0          8          0        876   mc_w.l
       786          0          0          0          0        728   mf_w.l

    ----------------------------------------------------------------------
      2028         84          0          8          0       1752   Library Totals

    ----------------------------------------------------------------------

==============================================================================


      Code (inc. data)   RO Data    RW Data    ZI Data      Debug   

     18884       1096     189140        120      92936     789429   Grand Totals
     18884       1096     189140        120      92936     789429   ELF Image Totals
     18884       1096     189140        120          0          0   ROM Totals

==============================================================================

    Total RO  Size (Code + RO Data)               208024 ( 203.15kB)
    Total RW  Size (RW Data + ZI Data)             93056 (  90.88kB)
    Total ROM Size (Code + RO Data + RW Data)     208144 ( 203.27kB)

==============================================================================

